==> quiz word pins n=2018 concurrency=6 seoOnly=true out=/Users/minjaekim/Desktop/korean-teacher-mj/.tmp/quiz-word-pins

→ [1/2018] to protest / 시위하다 (d3b6072d…)
   dest: https://kajakorean.com/vocab/detail/how-to-say/d3b6072d-a11a-4513-9dea-3e7d293712db/to-protest?utm_source=pinterest&utm_medium=pin&utm_campaign=quiz-word-pin

→ [2/2018] to distort / 왜곡하다 (e3308a80…)
   dest: https://kajakorean.com/vocab/detail/how-to-say/e3308a80-7887-467f-a08e-92c29633b176/to-distort?utm_source=pinterest&utm_medium=pin&utm_campaign=quiz-word-pin

→ [3/2018] to wait / 대기하다 (ea2cd52b…)
   dest: https://kajakorean.com/vocab/detail/how-to-say/ea2cd52b-7768-48d1-b5c7-7f1eda08c7b6/to-wait?utm_source=pinterest&utm_medium=pin&utm_campaign=quiz-word-pin

→ [4/2018] to burn / 태우다 (668835b4…)
   dest: https://kajakorean.com/vocab/detail/how-to-say/668835b4-1055-4835-9d19-2234a69c92b7/to-burn?utm_source=pinterest&utm_medium=pin&utm_campaign=quiz-word-pin

→ [5/2018] to lecture / 강의하다 (9a5457a5…)
   dest: https://kajakorean.com/vocab/detail/how-to-say/9a5457a5-aa98-4993-a00c-0bb81daa036e/to-lecture?utm_source=pinterest&utm_medium=pin&utm_campaign=quiz-word-pin

→ [6/2018] to complete / 완성하다 (1219de68…)
   dest: https://kajakorean.com/vocab/detail/how-to-say/1219de68-cf34-408b-8199-f73f45ccbad9/to-complete?utm_source=pinterest&utm_medium=pin&utm_campaign=quiz-word-pin
  ok /Users/minjaekim/Desktop/korean-teacher-mj/.tmp/quiz-word-pins/d3b6072d-a11a-4513-9dea-3e7d293712db/to-protest-d3b6072d-word-pin.jpg

→ [7/2018] to collide / 충돌하다 (21388ebc…)
   dest: https://kajakorean.com/vocab/detail/how-to-say/21388ebc-77dd-4eeb-a8ea-2a737dcf3f53/to-collide?utm_source=pinterest&utm_medium=pin&utm_campaign=quiz-word-pin
  ok /Users/minjaekim/Desktop/korean-teacher-mj/.tmp/quiz-word-pins/1219de68-cf34-408b-8199-f73f45ccbad9/to-complete-1219de68-word-pin.jpg

→ [8/2018] to catch one's breath / 숨돌리다 (9a478069…)
   dest: https://kajakorean.com/vocab/detail/how-to-say/9a478069-76b5-4fed-9c53-a19f30214a4b/to-catch-one-s-breath?utm_source=pinterest&utm_medium=pin&utm_campaign=quiz-word-pin
  ok /Users/minjaekim/Desktop/korean-teacher-mj/.tmp/quiz-word-pins/668835b4-1055-4835-9d19-2234a69c92b7/to-burn-668835b4-word-pin.jpg

→ [9/2018] plant root / 뿌리 (e1e2fcb6…)
   dest: https://kajakorean.com/vocab/detail/how-to-say/e1e2fcb6-430c-42f1-b2ba-dc5025e251a2/plant-root?utm_source=pinterest&utm_medium=pin&utm_campaign=quiz-word-pin
  ok /Users/minjaekim/Desktop/korean-teacher-mj/.tmp/quiz-word-pins/e3308a80-7887-467f-a08e-92c29633b176/to-distort-e3308a80-word-pin.jpg

→ [10/2018] to attach / 붙이다 (aad529d5…)
   dest: https://kajakorean.com/vocab/detail/how-to-say/aad529d5-a9df-4033-b3a8-b747c9fefc53/to-attach?utm_source=pinterest&utm_medium=pin&utm_campaign=quiz-word-pin
  ok /Users/minjaekim/Desktop/korean-teacher-mj/.tmp/quiz-word-pins/ea2cd52b-7768-48d1-b5c7-7f1eda08c7b6/to-wait-ea2cd52b-word-pin.jpg

→ [11/2018] to go over / 넘다 (a0103921…)
   dest: https://kajakorean.com/vocab/detail/how-to-say/a0103921-b0fd-4fd3-9975-dc3dffe15b53/to-go-over?utm_source=pinterest&utm_medium=pin&utm_campaign=quiz-word-pin
  ok /Users/minjaekim/Desktop/korean-teacher-mj/.tmp/quiz-word-pins/9a5457a5-aa98-4993-a00c-0bb81daa036e/to-lecture-9a5457a5-word-pin.jpg

→ [12/2018] water bottle / 물병 (e0c0ddb2…)
   dest: https://kajakorean.com/vocab/detail/how-to-say/e0c0ddb2-6e34-4652-be74-cfaf084ed154/water-bottle?utm_source=pinterest&utm_medium=pin&utm_campaign=quiz-word-pin
  ok /Users/minjaekim/Desktop/korean-teacher-mj/.tmp/quiz-word-pins/21388ebc-77dd-4eeb-a8ea-2a737dcf3f53/to-collide-21388ebc-word-pin.jpg

→ [13/2018] to hide / 숨다 (6fa41191…)
   dest: https://kajakorean.com/vocab/detail/how-to-say/6fa41191-5929-4ec6-ae9b-b1a975397776/to-hide?utm_source=pinterest&utm_medium=pin&utm_campaign=quiz-word-pin
  ok /Users/minjaekim/Desktop/korean-teacher-mj/.tmp/quiz-word-pins/e1e2fcb6-430c-42f1-b2ba-dc5025e251a2/plant-root-e1e2fcb6-word-pin.jpg

→ [14/2018] furniture / 가구 (e5da8558…)
   dest: https://kajakorean.com/vocab/detail/how-to-say/e5da8558-3e6f-4829-881d-1d0381e0aeec/furniture?utm_source=pinterest&utm_medium=pin&utm_campaign=quiz-word-pin
  ok /Users/minjaekim/Desktop/korean-teacher-mj/.tmp/quiz-word-pins/9a478069-76b5-4fed-9c53-a19f30214a4b/to-catch-one-s-breath-9a478069-word-pin.jpg

→ [15/2018] to be kidnapped / 납치되다 (0075ba2a…)
   dest: https://kajakorean.com/vocab/detail/how-to-say/0075ba2a-c3d5-4109-a3c0-740ad6c1519e/to-be-kidnapped?utm_source=pinterest&utm_medium=pin&utm_campaign=quiz-word-pin
  ok /Users/minjaekim/Desktop/korean-teacher-mj/.tmp/quiz-word-pins/aad529d5-a9df-4033-b3a8-b747c9fefc53/to-attach-aad529d5-word-pin.jpg

→ [16/2018] to disassemble / 분해하다 (17fb826f…)
   dest: https://kajakorean.com/vocab/detail/how-to-say/17fb826f-2c64-49e7-acbe-8fc85e130137/to-disassemble?utm_source=pinterest&utm_medium=pin&utm_campaign=quiz-word-pin
  ok /Users/minjaekim/Desktop/korean-teacher-mj/.tmp/quiz-word-pins/a0103921-b0fd-4fd3-9975-dc3dffe15b53/to-go-over-a0103921-word-pin.jpg

→ [17/2018] to protect / 지키다 (7ba31425…)
   dest: https://kajakorean.com/vocab/detail/how-to-say/7ba31425-86e8-43e0-968f-ecd4575eb3cf/to-protect?utm_source=pinterest&utm_medium=pin&utm_campaign=quiz-word-pin
  ok /Users/minjaekim/Desktop/korean-teacher-mj/.tmp/quiz-word-pins/e0c0ddb2-6e34-4652-be74-cfaf084ed154/water-bottle-e0c0ddb2-word-pin.jpg

→ [18/2018] to launch / 발사하다 (123807c3…)
   dest: https://kajakorean.com/vocab/detail/how-to-say/123807c3-cfa0-4005-992b-d79c3ed42428/to-launch?utm_source=pinterest&utm_medium=pin&utm_campaign=quiz-word-pin
  ok /Users/minjaekim/Desktop/korean-teacher-mj/.tmp/quiz-word-pins/e5da8558-3e6f-4829-881d-1d0381e0aeec/furniture-e5da8558-word-pin.jpg

→ [19/2018] to construct / 건설하다 (3f24f9bb…)
   dest: https://kajakorean.com/vocab/detail/how-to-say/3f24f9bb-09e7-44c7-a32c-032cadb07525/to-construct?utm_source=pinterest&utm_medium=pin&utm_campaign=quiz-word-pin
  ok /Users/minjaekim/Desktop/korean-teacher-mj/.tmp/quiz-word-pins/6fa41191-5929-4ec6-ae9b-b1a975397776/to-hide-6fa41191-word-pin.jpg

→ [20/2018] dress / 드레스 (250ae853…)
   dest: https://kajakorean.com/vocab/detail/how-to-say/250ae853-01f4-4da8-9ee7-fbd5fa21ae34/dress?utm_source=pinterest&utm_medium=pin&utm_campaign=quiz-word-pin
  ok /Users/minjaekim/Desktop/korean-teacher-mj/.tmp/quiz-word-pins/0075ba2a-c3d5-4109-a3c0-740ad6c1519e/to-be-kidnapped-0075ba2a-word-pin.jpg

→ [21/2018] to enjoy / 누리다 (c549e094…)
   dest: https://kajakorean.com/vocab/detail/how-to-say/c549e094-34a2-4b4e-9cbf-4b5c5bca3ad9/to-enjoy?utm_source=pinterest&utm_medium=pin&utm_campaign=quiz-word-pin
  ok /Users/minjaekim/Desktop/korean-teacher-mj/.tmp/quiz-word-pins/17fb826f-2c64-49e7-acbe-8fc85e130137/to-disassemble-17fb826f-word-pin.jpg

→ [22/2018] to threaten / 협박하다 (1b80f44d…)
   dest: https://kajakorean.com/vocab/detail/how-to-say/1b80f44d-d756-46df-9be9-873fa7818fa2/to-threaten?utm_source=pinterest&utm_medium=pin&utm_campaign=quiz-word-pin
  ok /Users/minjaekim/Desktop/korean-teacher-mj/.tmp/quiz-word-pins/7ba31425-86e8-43e0-968f-ecd4575eb3cf/to-protect-7ba31425-word-pin.jpg

→ [23/2018] to be frightened / 겁나다 (2de39432…)
   dest: https://kajakorean.com/vocab/detail/how-to-say/2de39432-6bc9-404a-a88e-fd3d3dd20f43/to-be-frightened?utm_source=pinterest&utm_medium=pin&utm_campaign=quiz-word-pin
  ok /Users/minjaekim/Desktop/korean-teacher-mj/.tmp/quiz-word-pins/123807c3-cfa0-4005-992b-d79c3ed42428/to-launch-123807c3-word-pin.jpg

→ [24/2018] tree branch / 나뭇가지 (890cb087…)
   dest: https://kajakorean.com/vocab/detail/how-to-say/890cb087-24b2-4f3b-81c9-38b00e06d94e/tree-branch?utm_source=pinterest&utm_medium=pin&utm_campaign=quiz-word-pin
  ok /Users/minjaekim/Desktop/korean-teacher-mj/.tmp/quiz-word-pins/250ae853-01f4-4da8-9ee7-fbd5fa21ae34/dress-250ae853-word-pin.jpg

→ [25/2018] to pull / 끌다 (84425610…)
   dest: https://kajakorean.com/vocab/detail/how-to-say/84425610-6578-45f6-9110-6fc90217fa6f/to-pull?utm_source=pinterest&utm_medium=pin&utm_campaign=quiz-word-pin
  ok /Users/minjaekim/Desktop/korean-teacher-mj/.tmp/quiz-word-pins/3f24f9bb-09e7-44c7-a32c-032cadb07525/to-construct-3f24f9bb-word-pin.jpg

→ [26/2018] to faint / 기절하다 (33900a9a…)
   dest: https://kajakorean.com/vocab/detail/how-to-say/33900a9a-6b3c-444a-9097-fd2ba649de0c/to-faint?utm_source=pinterest&utm_medium=pin&utm_campaign=quiz-word-pin
  ok /Users/minjaekim/Desktop/korean-teacher-mj/.tmp/quiz-word-pins/1b80f44d-d756-46df-9be9-873fa7818fa2/to-threaten-1b80f44d-word-pin.jpg

→ [27/2018] to take medicine / 복용하다 (733c3329…)
   dest: https://kajakorean.com/vocab/detail/how-to-say/733c3329-9415-4e9e-87b1-77498e030c58/to-take-medicine?utm_source=pinterest&utm_medium=pin&utm_campaign=quiz-word-pin
  ok /Users/minjaekim/Desktop/korean-teacher-mj/.tmp/quiz-word-pins/c549e094-34a2-4b4e-9cbf-4b5c5bca3ad9/to-enjoy-c549e094-word-pin.jpg

→ [28/2018] to park / 주차하다 (bd079aa7…)
   dest: https://kajakorean.com/vocab/detail/how-to-say/bd079aa7-8b73-479f-aad8-9646810163c5/to-park?utm_source=pinterest&utm_medium=pin&utm_campaign=quiz-word-pin
  ok /Users/minjaekim/Desktop/korean-teacher-mj/.tmp/quiz-word-pins/2de39432-6bc9-404a-a88e-fd3d3dd20f43/to-be-frightened-2de39432-word-pin.jpg

→ [29/2018] to take a walk / 산책하다 (d65e7c57…)
   dest: https://kajakorean.com/vocab/detail/how-to-say/d65e7c57-4cd5-476e-9ae0-efe9173a34f0/to-take-a-walk?utm_source=pinterest&utm_medium=pin&utm_campaign=quiz-word-pin
  ok /Users/minjaekim/Desktop/korean-teacher-mj/.tmp/quiz-word-pins/890cb087-24b2-4f3b-81c9-38b00e06d94e/tree-branch-890cb087-word-pin.jpg

→ [30/2018] to frown / 찡그리다 (07255d54…)
   dest: https://kajakorean.com/vocab/detail/how-to-say/07255d54-a95d-4c59-9a36-5deffce01376/to-frown?utm_source=pinterest&utm_medium=pin&utm_campaign=quiz-word-pin
  ok /Users/minjaekim/Desktop/korean-teacher-mj/.tmp/quiz-word-pins/84425610-6578-45f6-9110-6fc90217fa6f/to-pull-84425610-word-pin.jpg

→ [31/2018] button / 버튼 (14478286…)
   dest: https://kajakorean.com/vocab/detail/how-to-say/14478286-a511-42a1-b8be-406d7aeda139/button?utm_source=pinterest&utm_medium=pin&utm_campaign=quiz-word-pin
  ok /Users/minjaekim/Desktop/korean-teacher-mj/.tmp/quiz-word-pins/733c3329-9415-4e9e-87b1-77498e030c58/to-take-medicine-733c3329-word-pin.jpg

→ [32/2018] to save / 살리다 (3b73c960…)
   dest: https://kajakorean.com/vocab/detail/how-to-say/3b73c960-6388-42fb-b204-fb60043565f3/to-save?utm_source=pinterest&utm_medium=pin&utm_campaign=quiz-word-pin
  ok /Users/minjaekim/Desktop/korean-teacher-mj/.tmp/quiz-word-pins/33900a9a-6b3c-444a-9097-fd2ba649de0c/to-faint-33900a9a-word-pin.jpg

→ [33/2018] tarot cards / 타로 (8e47bdfb…)
   dest: https://kajakorean.com/vocab/detail/how-to-say/8e47bdfb-feac-4c4f-8841-5271d43be054/tarot-cards?utm_source=pinterest&utm_medium=pin&utm_campaign=quiz-word-pin
  ok /Users/minjaekim/Desktop/korean-teacher-mj/.tmp/quiz-word-pins/d65e7c57-4cd5-476e-9ae0-efe9173a34f0/to-take-a-walk-d65e7c57-word-pin.jpg

→ [34/2018] to get angry / 화내다 (1ea7131b…)
   dest: https://kajakorean.com/vocab/detail/how-to-say/1ea7131b-47ea-49d7-831e-597243d3f48d/to-get-angry?utm_source=pinterest&utm_medium=pin&utm_campaign=quiz-word-pin
  ok /Users/minjaekim/Desktop/korean-teacher-mj/.tmp/quiz-word-pins/07255d54-a95d-4c59-9a36-5deffce01376/to-frown-07255d54-word-pin.jpg

→ [35/2018] to look around / 둘러보다 (f13ac781…)
   dest: https://kajakorean.com/vocab/detail/how-to-say/f13ac781-6a2f-414e-9a52-42aa433e2482/to-look-around?utm_source=pinterest&utm_medium=pin&utm_campaign=quiz-word-pin
  ok /Users/minjaekim/Desktop/korean-teacher-mj/.tmp/quiz-word-pins/14478286-a511-42a1-b8be-406d7aeda139/button-14478286-word-pin.jpg

→ [36/2018] to disinfect / 소독하다 (ea1e61d4…)
   dest: https://kajakorean.com/vocab/detail/how-to-say/ea1e61d4-777b-490d-b3be-142a46f1e539/to-disinfect?utm_source=pinterest&utm_medium=pin&utm_campaign=quiz-word-pin
  ok /Users/minjaekim/Desktop/korean-teacher-mj/.tmp/quiz-word-pins/8e47bdfb-feac-4c4f-8841-5271d43be054/tarot-cards-8e47bdfb-word-pin.jpg

→ [37/2018] to clear away / 치우다 (7195732b…)
   dest: https://kajakorean.com/vocab/detail/how-to-say/7195732b-4998-4a7b-8639-cd9b469b9e96/to-clear-away?utm_source=pinterest&utm_medium=pin&utm_campaign=quiz-word-pin
  ok /Users/minjaekim/Desktop/korean-teacher-mj/.tmp/quiz-word-pins/3b73c960-6388-42fb-b204-fb60043565f3/to-save-3b73c960-word-pin.jpg

→ [38/2018] poodle / 푸들 (e3d982b3…)
   dest: https://kajakorean.com/vocab/detail/how-to-say/e3d982b3-e3dc-4f68-805c-d40da1ec70b8/poodle?utm_source=pinterest&utm_medium=pin&utm_campaign=quiz-word-pin
  ok /Users/minjaekim/Desktop/korean-teacher-mj/.tmp/quiz-word-pins/bd079aa7-8b73-479f-aad8-9646810163c5/to-park-bd079aa7-word-pin.jpg

→ [39/2018] i'm angry / 화났어요 (05ecf9a6…)
   dest: https://kajakorean.com/vocab/detail/how-to-say/05ecf9a6-9dd7-4de2-b6b8-36097ee8bdd1/i-m-angry?utm_source=pinterest&utm_medium=pin&utm_campaign=quiz-word-pin
  ok /Users/minjaekim/Desktop/korean-teacher-mj/.tmp/quiz-word-pins/f13ac781-6a2f-414e-9a52-42aa433e2482/to-look-around-f13ac781-word-pin.jpg

→ [40/2018] it's boring / 재미없어요 (d2f28495…)
   dest: https://kajakorean.com/vocab/detail/how-to-say/d2f28495-3a95-4c5b-96d6-ddb9e55e19ab/it-s-boring?utm_source=pinterest&utm_medium=pin&utm_campaign=quiz-word-pin
  ok /Users/minjaekim/Desktop/korean-teacher-mj/.tmp/quiz-word-pins/ea1e61d4-777b-490d-b3be-142a46f1e539/to-disinfect-ea1e61d4-word-pin.jpg

→ [41/2018] it's fun / interesting / 재미있어요 (9b08e68f…)
   dest: https://kajakorean.com/vocab/detail/how-to-say/9b08e68f-2a2f-480e-afc7-b010d2154bbd/it-s-fun-interesting?utm_source=pinterest&utm_medium=pin&utm_campaign=quiz-word-pin
  ok /Users/minjaekim/Desktop/korean-teacher-mj/.tmp/quiz-word-pins/e3d982b3-e3dc-4f68-805c-d40da1ec70b8/poodle-e3d982b3-word-pin.jpg

→ [42/2018] is there a table? / 자리 있어요? (0e6d8432…)
   dest: https://kajakorean.com/vocab/detail/how-to-say/0e6d8432-2fc3-4ab8-8745-f41f92953b0a/is-there-a-table?utm_source=pinterest&utm_medium=pin&utm_campaign=quiz-word-pin
  ok /Users/minjaekim/Desktop/korean-teacher-mj/.tmp/quiz-word-pins/7195732b-4998-4a7b-8639-cd9b469b9e96/to-clear-away-7195732b-word-pin.jpg

→ [43/2018] to discuss / 논의하다 (22419f9c…)
   dest: https://kajakorean.com/vocab/detail/how-to-say/22419f9c-adb1-4503-8181-0c7465fa8e45/to-discuss?utm_source=pinterest&utm_medium=pin&utm_campaign=quiz-word-pin
  ok /Users/minjaekim/Desktop/korean-teacher-mj/.tmp/quiz-word-pins/05ecf9a6-9dd7-4de2-b6b8-36097ee8bdd1/i-m-angry-05ecf9a6-word-pin.jpg

→ [44/2018] green onion kimchi / 파김치 (504db5f4…)
   dest: https://kajakorean.com/vocab/detail/how-to-say/504db5f4-0b5c-4b85-9610-e86417dca52c/green-onion-kimchi?utm_source=pinterest&utm_medium=pin&utm_campaign=quiz-word-pin
  ok /Users/minjaekim/Desktop/korean-teacher-mj/.tmp/quiz-word-pins/1ea7131b-47ea-49d7-831e-597243d3f48d/to-get-angry-1ea7131b-word-pin.jpg

→ [45/2018] to cheer on / 응원하다 (1c8eb949…)
   dest: https://kajakorean.com/vocab/detail/how-to-say/1c8eb949-6223-468f-9ef7-895dda0d7d7d/to-cheer-on?utm_source=pinterest&utm_medium=pin&utm_campaign=quiz-word-pin
  ok /Users/minjaekim/Desktop/korean-teacher-mj/.tmp/quiz-word-pins/d2f28495-3a95-4c5b-96d6-ddb9e55e19ab/it-s-boring-d2f28495-word-pin.jpg

→ [46/2018] to dream / 꿈꾸다 (bd53fff1…)
   dest: https://kajakorean.com/vocab/detail/how-to-say/bd53fff1-ec30-48f2-8f75-4d0f73513c65/to-dream?utm_source=pinterest&utm_medium=pin&utm_campaign=quiz-word-pin
  ok /Users/minjaekim/Desktop/korean-teacher-mj/.tmp/quiz-word-pins/0e6d8432-2fc3-4ab8-8745-f41f92953b0a/is-there-a-table-0e6d8432-word-pin.jpg

→ [47/2018] wine / 와인 (649678b9…)
   dest: https://kajakorean.com/vocab/detail/how-to-say/649678b9-2da5-4d53-9b5b-0a845ad3afac/wine?utm_source=pinterest&utm_medium=pin&utm_campaign=quiz-word-pin
  ok /Users/minjaekim/Desktop/korean-teacher-mj/.tmp/quiz-word-pins/9b08e68f-2a2f-480e-afc7-b010d2154bbd/it-s-fun-interesting-9b08e68f-word-pin.jpg

→ [48/2018] to accompany / 동행하다 (ff7a9702…)
   dest: https://kajakorean.com/vocab/detail/how-to-say/ff7a9702-7258-4a1d-b4e8-8079aabae3ed/to-accompany?utm_source=pinterest&utm_medium=pin&utm_campaign=quiz-word-pin
  ok /Users/minjaekim/Desktop/korean-teacher-mj/.tmp/quiz-word-pins/22419f9c-adb1-4503-8181-0c7465fa8e45/to-discuss-22419f9c-word-pin.jpg

→ [49/2018] to carry on one's back / 업다 (877ca5f1…)
   dest: https://kajakorean.com/vocab/detail/how-to-say/877ca5f1-c091-4f34-96a2-764c99a7f1d4/to-carry-on-one-s-back?utm_source=pinterest&utm_medium=pin&utm_campaign=quiz-word-pin
  ok /Users/minjaekim/Desktop/korean-teacher-mj/.tmp/quiz-word-pins/bd53fff1-ec30-48f2-8f75-4d0f73513c65/to-dream-bd53fff1-word-pin.jpg

→ [50/2018] headphones / 헤드폰 (3123729c…)
   dest: https://kajakorean.com/vocab/detail/how-to-say/3123729c-83d3-4ae9-8937-24297234fe73/headphones?utm_source=pinterest&utm_medium=pin&utm_campaign=quiz-word-pin
  ok /Users/minjaekim/Desktop/korean-teacher-mj/.tmp/quiz-word-pins/504db5f4-0b5c-4b85-9610-e86417dca52c/green-onion-kimchi-504db5f4-word-pin.jpg

→ [51/2018] what's the wi‑fi password? / 와이파이 비밀번호요? (bae7b816…)
   dest: https://kajakorean.com/vocab/detail/how-to-say/bae7b816-c767-4213-8686-529031791aba/what-s-the-wi-fi-password?utm_source=pinterest&utm_medium=pin&utm_campaign=quiz-word-pin
  ok /Users/minjaekim/Desktop/korean-teacher-mj/.tmp/quiz-word-pins/649678b9-2da5-4d53-9b5b-0a845ad3afac/wine-649678b9-word-pin.jpg

→ [52/2018] is this the right way? / 이 길 맞아요? (273b02cc…)
   dest: https://kajakorean.com/vocab/detail/how-to-say/273b02cc-0941-4a9b-a8c7-f432234e7de7/is-this-the-right-way?utm_source=pinterest&utm_medium=pin&utm_campaign=quiz-word-pin
  ok /Users/minjaekim/Desktop/korean-teacher-mj/.tmp/quiz-word-pins/1c8eb949-6223-468f-9ef7-895dda0d7d7d/to-cheer-on-1c8eb949-word-pin.jpg

→ [53/2018] can you take a photo of me? / 사진 찍어 줄래? (c63236b3…)
   dest: https://kajakorean.com/vocab/detail/how-to-say/c63236b3-1232-4f2e-bc1b-46cf4ba784ef/can-you-take-a-photo-of-me?utm_source=pinterest&utm_medium=pin&utm_campaign=quiz-word-pin
  ok /Users/minjaekim/Desktop/korean-teacher-mj/.tmp/quiz-word-pins/ff7a9702-7258-4a1d-b4e8-8079aabae3ed/to-accompany-ff7a9702-word-pin.jpg

→ [54/2018] let's rest a bit / 잠깐 쉬자 (74476d5a…)
   dest: https://kajakorean.com/vocab/detail/how-to-say/74476d5a-1033-495f-a1b8-2bc9b12e16a2/let-s-rest-a-bit?utm_source=pinterest&utm_medium=pin&utm_campaign=quiz-word-pin
  ok /Users/minjaekim/Desktop/korean-teacher-mj/.tmp/quiz-word-pins/3123729c-83d3-4ae9-8937-24297234fe73/headphones-3123729c-word-pin.jpg

→ [55/2018] want to go together? / 같이 갈래요? (288bc72a…)
   dest: https://kajakorean.com/vocab/detail/how-to-say/288bc72a-c97b-4c9e-8c2e-0cd273e261af/want-to-go-together?utm_source=pinterest&utm_medium=pin&utm_campaign=quiz-word-pin
  ok /Users/minjaekim/Desktop/korean-teacher-mj/.tmp/quiz-word-pins/273b02cc-0941-4a9b-a8c7-f432234e7de7/is-this-the-right-way-273b02cc-word-pin.jpg

→ [56/2018] i'm hungry, what to eat? / 배고픈데 뭐 먹을까? (738bfa26…)
   dest: https://kajakorean.com/vocab/detail/how-to-say/738bfa26-7a63-41e0-a5ff-3c4f1995fb2f/i-m-hungry-what-to-eat?utm_source=pinterest&utm_medium=pin&utm_campaign=quiz-word-pin
  ok /Users/minjaekim/Desktop/korean-teacher-mj/.tmp/quiz-word-pins/877ca5f1-c091-4f34-96a2-764c99a7f1d4/to-carry-on-one-s-back-877ca5f1-word-pin.jpg

→ [57/2018] i'm sleepy / 졸려요 (ff44953b…)
   dest: https://kajakorean.com/vocab/detail/how-to-say/ff44953b-664d-46cf-8263-bf06afae8d98/i-m-sleepy?utm_source=pinterest&utm_medium=pin&utm_campaign=quiz-word-pin
  ok /Users/minjaekim/Desktop/korean-teacher-mj/.tmp/quiz-word-pins/bae7b816-c767-4213-8686-529031791aba/what-s-the-wi-fi-password-bae7b816-word-pin.jpg

→ [58/2018] i'm thirsty / 목말라요 (523b899f…)
   dest: https://kajakorean.com/vocab/detail/how-to-say/523b899f-7448-40cf-a272-dcbe4ff35c4e/i-m-thirsty?utm_source=pinterest&utm_medium=pin&utm_campaign=quiz-word-pin
  ok /Users/minjaekim/Desktop/korean-teacher-mj/.tmp/quiz-word-pins/c63236b3-1232-4f2e-bc1b-46cf4ba784ef/can-you-take-a-photo-of-me-c63236b3-word-pin.jpg

→ [59/2018] i'm hot / 더워요 (14ac40b0…)
   dest: https://kajakorean.com/vocab/detail/how-to-say/14ac40b0-4c2a-4a2c-8ef3-2f6a469dab11/i-m-hot?utm_source=pinterest&utm_medium=pin&utm_campaign=quiz-word-pin
  ok /Users/minjaekim/Desktop/korean-teacher-mj/.tmp/quiz-word-pins/288bc72a-c97b-4c9e-8c2e-0cd273e261af/want-to-go-together-288bc72a-word-pin.jpg

→ [60/2018] i'm cold / 추워요 (4d2cf116…)
   dest: https://kajakorean.com/vocab/detail/how-to-say/4d2cf116-9ae3-41a3-ab75-8c892da8512d/i-m-cold?utm_source=pinterest&utm_medium=pin&utm_campaign=quiz-word-pin
  ok /Users/minjaekim/Desktop/korean-teacher-mj/.tmp/quiz-word-pins/74476d5a-1033-495f-a1b8-2bc9b12e16a2/let-s-rest-a-bit-74476d5a-word-pin.jpg

→ [61/2018] i have a headache / 머리가 아파요 (c2d40a3d…)
   dest: https://kajakorean.com/vocab/detail/how-to-say/c2d40a3d-759c-4059-99bc-ba49eb8ab07d/i-have-a-headache?utm_source=pinterest&utm_medium=pin&utm_campaign=quiz-word-pin
  ok /Users/minjaekim/Desktop/korean-teacher-mj/.tmp/quiz-word-pins/738bfa26-7a63-41e0-a5ff-3c4f1995fb2f/i-m-hungry-what-to-eat-738bfa26-word-pin.jpg

→ [62/2018] my stomach hurts / 배가 아파요 (53ff5aee…)
   dest: https://kajakorean.com/vocab/detail/how-to-say/53ff5aee-5f63-43fc-aa4e-ab75174ed6e4/my-stomach-hurts?utm_source=pinterest&utm_medium=pin&utm_campaign=quiz-word-pin
  ok /Users/minjaekim/Desktop/korean-teacher-mj/.tmp/quiz-word-pins/ff44953b-664d-46cf-8263-bf06afae8d98/i-m-sleepy-ff44953b-word-pin.jpg

→ [63/2018] sorry i'm late / 늦어서 죄송해요 (089a0b2b…)
   dest: https://kajakorean.com/vocab/detail/how-to-say/089a0b2b-3c1b-4f0b-9359-9127500ed9b0/sorry-i-m-late?utm_source=pinterest&utm_medium=pin&utm_campaign=quiz-word-pin
  ok /Users/minjaekim/Desktop/korean-teacher-mj/.tmp/quiz-word-pins/523b899f-7448-40cf-a272-dcbe4ff35c4e/i-m-thirsty-523b899f-word-pin.jpg

→ [64/2018] i'll contact you / 연락할게요 (0ebfcdff…)
   dest: https://kajakorean.com/vocab/detail/how-to-say/0ebfcdff-3cb6-4d97-9623-23bbec124eb2/i-ll-contact-you?utm_source=pinterest&utm_medium=pin&utm_campaign=quiz-word-pin
  ok /Users/minjaekim/Desktop/korean-teacher-mj/.tmp/quiz-word-pins/14ac40b0-4c2a-4a2c-8ef3-2f6a469dab11/i-m-hot-14ac40b0-word-pin.jpg

→ [65/2018] see you next time / 다음에 봐요 (7ffa25f1…)
   dest: https://kajakorean.com/vocab/detail/how-to-say/7ffa25f1-0ea9-42fc-b2ba-12ddb73c3c85/see-you-next-time?utm_source=pinterest&utm_medium=pin&utm_campaign=quiz-word-pin
  ok /Users/minjaekim/Desktop/korean-teacher-mj/.tmp/quiz-word-pins/4d2cf116-9ae3-41a3-ab75-8c892da8512d/i-m-cold-4d2cf116-word-pin.jpg

→ [66/2018] go carefully / take care / 조심히 가세요 (e67d981f…)
   dest: https://kajakorean.com/vocab/detail/how-to-say/e67d981f-7151-4a25-859b-469d0f2fcea7/go-carefully-take-care?utm_source=pinterest&utm_medium=pin&utm_campaign=quiz-word-pin
  ok /Users/minjaekim/Desktop/korean-teacher-mj/.tmp/quiz-word-pins/c2d40a3d-759c-4059-99bc-ba49eb8ab07d/i-have-a-headache-c2d40a3d-word-pin.jpg

→ [67/2018] i'll go first / i'm heading out / 먼저 갈게요 (ed75eb9e…)
   dest: https://kajakorean.com/vocab/detail/how-to-say/ed75eb9e-9dbb-4357-9154-4197f11fd2c5/i-ll-go-first-i-m-heading-out?utm_source=pinterest&utm_medium=pin&utm_campaign=quiz-word-pin
  ok /Users/minjaekim/Desktop/korean-teacher-mj/.tmp/quiz-word-pins/089a0b2b-3c1b-4f0b-9359-9127500ed9b0/sorry-i-m-late-089a0b2b-word-pin.jpg

→ [68/2018] may i come in? / 들어가도 돼요? (b5c785bd…)
   dest: https://kajakorean.com/vocab/detail/how-to-say/b5c785bd-b8ea-4dd5-a488-68f3ca2fc13f/may-i-come-in?utm_source=pinterest&utm_medium=pin&utm_campaign=quiz-word-pin
  ok /Users/minjaekim/Desktop/korean-teacher-mj/.tmp/quiz-word-pins/53ff5aee-5f63-43fc-aa4e-ab75174ed6e4/my-stomach-hurts-53ff5aee-word-pin.jpg

→ [69/2018] are you okay? / 괜찮으세요? (519f50a9…)
   dest: https://kajakorean.com/vocab/detail/how-to-say/519f50a9-092f-4481-aff1-8f8230620471/are-you-okay?utm_source=pinterest&utm_medium=pin&utm_campaign=quiz-word-pin
  ok /Users/minjaekim/Desktop/korean-teacher-mj/.tmp/quiz-word-pins/ed75eb9e-9dbb-4357-9154-4197f11fd2c5/i-ll-go-first-i-m-heading-out-ed75eb9e-word-pin.jpg

→ [70/2018] of course / 당연하죠 (3897b151…)
   dest: https://kajakorean.com/vocab/detail/how-to-say/3897b151-99e8-49db-99ff-f1573516d677/of-course?utm_source=pinterest&utm_medium=pin&utm_campaign=quiz-word-pin
  ok /Users/minjaekim/Desktop/korean-teacher-mj/.tmp/quiz-word-pins/e67d981f-7151-4a25-859b-469d0f2fcea7/go-carefully-take-care-e67d981f-word-pin.jpg

→ [71/2018] really? / 진짜요? (fda3b5e2…)
   dest: https://kajakorean.com/vocab/detail/how-to-say/fda3b5e2-330a-4b3d-aaf2-e73c766b0115/really?utm_source=pinterest&utm_medium=pin&utm_campaign=quiz-word-pin
  ok /Users/minjaekim/Desktop/korean-teacher-mj/.tmp/quiz-word-pins/0ebfcdff-3cb6-4d97-9623-23bbec124eb2/i-ll-contact-you-0ebfcdff-word-pin.jpg

→ [72/2018] wow / amazing / 대박 (bd52a29f…)
   dest: https://kajakorean.com/vocab/detail/how-to-say/bd52a29f-5f64-4832-9c45-6a66019300d3/wow-amazing?utm_source=pinterest&utm_medium=pin&utm_campaign=quiz-word-pin
  ok /Users/minjaekim/Desktop/korean-teacher-mj/.tmp/quiz-word-pins/7ffa25f1-0ea9-42fc-b2ba-12ddb73c3c85/see-you-next-time-7ffa25f1-word-pin.jpg

→ [73/2018] you got this! / fighting! / 화이팅! (95c26944…)
   dest: https://kajakorean.com/vocab/detail/how-to-say/95c26944-2076-4e0b-b622-89abc1de958f/you-got-this-fighting?utm_source=pinterest&utm_medium=pin&utm_campaign=quiz-word-pin
  ok /Users/minjaekim/Desktop/korean-teacher-mj/.tmp/quiz-word-pins/b5c785bd-b8ea-4dd5-a488-68f3ca2fc13f/may-i-come-in-b5c785bd-word-pin.jpg

→ [74/2018] be careful / 조심하세요 (a4ce0356…)
   dest: https://kajakorean.com/vocab/detail/how-to-say/a4ce0356-1e97-4b7e-bda6-db4c3930c7bf/be-careful?utm_source=pinterest&utm_medium=pin&utm_campaign=quiz-word-pin
  ok /Users/minjaekim/Desktop/korean-teacher-mj/.tmp/quiz-word-pins/bd52a29f-5f64-4832-9c45-6a66019300d3/wow-amazing-bd52a29f-word-pin.jpg

→ [75/2018] please come this way / 이쪽으로 오세요 (38e3d35f…)
   dest: https://kajakorean.com/vocab/detail/how-to-say/38e3d35f-4c50-4a94-9828-66ab6d4dfc6d/please-come-this-way?utm_source=pinterest&utm_medium=pin&utm_campaign=quiz-word-pin
  ok /Users/minjaekim/Desktop/korean-teacher-mj/.tmp/quiz-word-pins/3897b151-99e8-49db-99ff-f1573516d677/of-course-3897b151-word-pin.jpg

→ [76/2018] please say that again / 다시 한 번 말해 주세요 (9f585ea1…)
   dest: https://kajakorean.com/vocab/detail/how-to-say/9f585ea1-0d55-4028-9f3c-8fb34ec03657/please-say-that-again?utm_source=pinterest&utm_medium=pin&utm_campaign=quiz-word-pin
  ok /Users/minjaekim/Desktop/korean-teacher-mj/.tmp/quiz-word-pins/fda3b5e2-330a-4b3d-aaf2-e73c766b0115/really-fda3b5e2-word-pin.jpg

→ [77/2018] please speak slowly / 천천히 말해 주세요 (365c1a67…)
   dest: https://kajakorean.com/vocab/detail/how-to-say/365c1a67-d27d-4440-b0f3-127e4dc29226/please-speak-slowly?utm_source=pinterest&utm_medium=pin&utm_campaign=quiz-word-pin
  ok /Users/minjaekim/Desktop/korean-teacher-mj/.tmp/quiz-word-pins/95c26944-2076-4e0b-b622-89abc1de958f/you-got-this-fighting-95c26944-word-pin.jpg

→ [78/2018] please wrap it to go / 포장해 주세요 (ecceca33…)
   dest: https://kajakorean.com/vocab/detail/how-to-say/ecceca33-f1ac-48c9-bff6-4891b29d567a/please-wrap-it-to-go?utm_source=pinterest&utm_medium=pin&utm_campaign=quiz-word-pin
  ok /Users/minjaekim/Desktop/korean-teacher-mj/.tmp/quiz-word-pins/519f50a9-092f-4481-aff1-8f8230620471/are-you-okay-519f50a9-word-pin.jpg

→ [79/2018] i'll pay by card / 카드로 결제할게요 (59c8d45e…)
   dest: https://kajakorean.com/vocab/detail/how-to-say/59c8d45e-9a4f-4018-89ab-e169482379e7/i-ll-pay-by-card?utm_source=pinterest&utm_medium=pin&utm_campaign=quiz-word-pin
  ok /Users/minjaekim/Desktop/korean-teacher-mj/.tmp/quiz-word-pins/a4ce0356-1e97-4b7e-bda6-db4c3930c7bf/be-careful-a4ce0356-word-pin.jpg

→ [80/2018] where is the bathroom? / 화장실 어디예요? (30cf6e7d…)
   dest: https://kajakorean.com/vocab/detail/how-to-say/30cf6e7d-3546-413e-9e0d-bd7d101a6fc3/where-is-the-bathroom?utm_source=pinterest&utm_medium=pin&utm_campaign=quiz-word-pin
  ok /Users/minjaekim/Desktop/korean-teacher-mj/.tmp/quiz-word-pins/38e3d35f-4c50-4a94-9828-66ab6d4dfc6d/please-come-this-way-38e3d35f-word-pin.jpg

→ [81/2018] may i sit for a moment? / 잠깐 앉아도 돼요? (5d355099…)
   dest: https://kajakorean.com/vocab/detail/how-to-say/5d355099-b0ad-48f5-b48a-21d731bea74c/may-i-sit-for-a-moment?utm_source=pinterest&utm_medium=pin&utm_campaign=quiz-word-pin
  ok /Users/minjaekim/Desktop/korean-teacher-mj/.tmp/quiz-word-pins/365c1a67-d27d-4440-b0f3-127e4dc29226/please-speak-slowly-365c1a67-word-pin.jpg

→ [82/2018] i understand / got it / 알겠어요 (6c099d1f…)
   dest: https://kajakorean.com/vocab/detail/how-to-say/6c099d1f-fae4-4b03-bf28-7715106614f7/i-understand-got-it?utm_source=pinterest&utm_medium=pin&utm_campaign=quiz-word-pin
  ok /Users/minjaekim/Desktop/korean-teacher-mj/.tmp/quiz-word-pins/9f585ea1-0d55-4028-9f3c-8fb34ec03657/please-say-that-again-9f585ea1-word-pin.jpg

→ [83/2018] i don't know / i don't understand / 모르겠어요 (ed4b0a28…)
   dest: https://kajakorean.com/vocab/detail/how-to-say/ed4b0a28-1990-4396-9337-3c787e76e6ff/i-don-t-know-i-don-t-understand?utm_source=pinterest&utm_medium=pin&utm_campaign=quiz-word-pin
  ok /Users/minjaekim/Desktop/korean-teacher-mj/.tmp/quiz-word-pins/59c8d45e-9a4f-4018-89ab-e169482379e7/i-ll-pay-by-card-59c8d45e-word-pin.jpg

→ [84/2018] please help me / 도와주세요 (6526574b…)
   dest: https://kajakorean.com/vocab/detail/how-to-say/6526574b-1f79-445a-b33a-3431f5d7ebed/please-help-me?utm_source=pinterest&utm_medium=pin&utm_campaign=quiz-word-pin
  ok /Users/minjaekim/Desktop/korean-teacher-mj/.tmp/quiz-word-pins/ecceca33-f1ac-48c9-bff6-4891b29d567a/please-wrap-it-to-go-ecceca33-word-pin.jpg

→ [85/2018] i'm tired / 피곤해요 (4138e110…)
   dest: https://kajakorean.com/vocab/detail/how-to-say/4138e110-b0c5-41c1-b1c6-b19f3d9e6976/i-m-tired?utm_source=pinterest&utm_medium=pin&utm_campaign=quiz-word-pin
  ok /Users/minjaekim/Desktop/korean-teacher-mj/.tmp/quiz-word-pins/5d355099-b0ad-48f5-b48a-21d731bea74c/may-i-sit-for-a-moment-5d355099-word-pin.jpg

→ [86/2018] i'm full / 배불러요 (89480bc1…)
   dest: https://kajakorean.com/vocab/detail/how-to-say/89480bc1-ec0b-4e57-87b4-2ee27de80b8f/i-m-full?utm_source=pinterest&utm_medium=pin&utm_campaign=quiz-word-pin
