==> quiz word pins n=2035 seoOnly=true out=/Users/minjaekim/Desktop/korean-teacher-mj/.tmp/quiz-word-pins

→ [1/2035] to expand / 늘리다 (f2cc21df…)
   dest: https://kajakorean.com/vocab/detail/how-to-say/f2cc21df-ac1d-4d56-92d4-3683fcd9e447/to-expand?utm_source=pinterest&utm_medium=pin&utm_campaign=quiz-word-pin
  ok /Users/minjaekim/Desktop/korean-teacher-mj/.tmp/quiz-word-pins/f2cc21df-ac1d-4d56-92d4-3683fcd9e447/to-expand-f2cc21df-word-pin.jpg

→ [2/2035] to buy / 구매하다 (69a875d2…)
   dest: https://kajakorean.com/vocab/detail/how-to-say/69a875d2-80e7-4d32-86ec-572700759fc9/to-buy?utm_source=pinterest&utm_medium=pin&utm_campaign=quiz-word-pin
  ok /Users/minjaekim/Desktop/korean-teacher-mj/.tmp/quiz-word-pins/69a875d2-80e7-4d32-86ec-572700759fc9/to-buy-69a875d2-word-pin.jpg

→ [3/2035] to focus / 집중하다 (4256778b…)
   dest: https://kajakorean.com/vocab/detail/how-to-say/4256778b-d52c-41e4-a806-465b4191b281/to-focus?utm_source=pinterest&utm_medium=pin&utm_campaign=quiz-word-pin
  ok /Users/minjaekim/Desktop/korean-teacher-mj/.tmp/quiz-word-pins/4256778b-d52c-41e4-a806-465b4191b281/to-focus-4256778b-word-pin.jpg

→ [4/2035] to lead / 리드하다 (9ae8b546…)
   dest: https://kajakorean.com/vocab/detail/how-to-say/9ae8b546-8c1a-4f82-b5be-610a504a62ee/to-lead?utm_source=pinterest&utm_medium=pin&utm_campaign=quiz-word-pin
  ok /Users/minjaekim/Desktop/korean-teacher-mj/.tmp/quiz-word-pins/9ae8b546-8c1a-4f82-b5be-610a504a62ee/to-lead-9ae8b546-word-pin.jpg

→ [5/2035] to win a championship / 우승하다 (2d582ca9…)
   dest: https://kajakorean.com/vocab/detail/how-to-say/2d582ca9-b9d7-4774-92e4-c087eec506de/to-win-a-championship?utm_source=pinterest&utm_medium=pin&utm_campaign=quiz-word-pin
  ok /Users/minjaekim/Desktop/korean-teacher-mj/.tmp/quiz-word-pins/2d582ca9-b9d7-4774-92e4-c087eec506de/to-win-a-championship-2d582ca9-word-pin.jpg

→ [6/2035] beak / 부리 (e0439c4b…)
   dest: https://kajakorean.com/vocab/detail/how-to-say/e0439c4b-8fc9-41b0-afe8-37d4867920a0/beak?utm_source=pinterest&utm_medium=pin&utm_campaign=quiz-word-pin
  ok /Users/minjaekim/Desktop/korean-teacher-mj/.tmp/quiz-word-pins/e0439c4b-8fc9-41b0-afe8-37d4867920a0/beak-e0439c4b-word-pin.jpg

→ [7/2035] pouch / 주머니 (932c135c…)
   dest: https://kajakorean.com/vocab/detail/how-to-say/932c135c-c992-4cb2-ab8c-1478506810bf/pouch?utm_source=pinterest&utm_medium=pin&utm_campaign=quiz-word-pin
  ok /Users/minjaekim/Desktop/korean-teacher-mj/.tmp/quiz-word-pins/932c135c-c992-4cb2-ab8c-1478506810bf/pouch-932c135c-word-pin.jpg

→ [8/2035] grape juice / 포도주스 (7fa81e1e…)
   dest: https://kajakorean.com/vocab/detail/how-to-say/7fa81e1e-ccbc-4e5a-9b94-408c39f1c0d7/grape-juice?utm_source=pinterest&utm_medium=pin&utm_campaign=quiz-word-pin
  ok /Users/minjaekim/Desktop/korean-teacher-mj/.tmp/quiz-word-pins/7fa81e1e-ccbc-4e5a-9b94-408c39f1c0d7/grape-juice-7fa81e1e-word-pin.jpg

→ [9/2035] to sell / 판매하다 (e42719fd…)
   dest: https://kajakorean.com/vocab/detail/how-to-say/e42719fd-6f8b-4151-abe2-8d884a87c78a/to-sell?utm_source=pinterest&utm_medium=pin&utm_campaign=quiz-word-pin
  ok /Users/minjaekim/Desktop/korean-teacher-mj/.tmp/quiz-word-pins/e42719fd-6f8b-4151-abe2-8d884a87c78a/to-sell-e42719fd-word-pin.jpg

→ [10/2035] paper cup / 종이컵 (77f5a427…)
   dest: https://kajakorean.com/vocab/detail/how-to-say/77f5a427-645a-4d04-bd32-af054ebf688f/paper-cup?utm_source=pinterest&utm_medium=pin&utm_campaign=quiz-word-pin
  ok /Users/minjaekim/Desktop/korean-teacher-mj/.tmp/quiz-word-pins/77f5a427-645a-4d04-bd32-af054ebf688f/paper-cup-77f5a427-word-pin.jpg

→ [11/2035] to cover / 덮다 (ceca9f7e…)
   dest: https://kajakorean.com/vocab/detail/how-to-say/ceca9f7e-e6d2-4923-b9d3-5f2f73cc8500/to-cover?utm_source=pinterest&utm_medium=pin&utm_campaign=quiz-word-pin
  ok /Users/minjaekim/Desktop/korean-teacher-mj/.tmp/quiz-word-pins/ceca9f7e-e6d2-4923-b9d3-5f2f73cc8500/to-cover-ceca9f7e-word-pin.jpg

→ [12/2035] rocket / 로켓 (69af2f0d…)
   dest: https://kajakorean.com/vocab/detail/how-to-say/69af2f0d-6605-4f74-be14-bd701028a107/rocket?utm_source=pinterest&utm_medium=pin&utm_campaign=quiz-word-pin
  ok /Users/minjaekim/Desktop/korean-teacher-mj/.tmp/quiz-word-pins/69af2f0d-6605-4f74-be14-bd701028a107/rocket-69af2f0d-word-pin.jpg

→ [13/2035] to enlarge / 확대하다 (a36a8293…)
   dest: https://kajakorean.com/vocab/detail/how-to-say/a36a8293-0872-434a-84b2-877106e66303/to-enlarge?utm_source=pinterest&utm_medium=pin&utm_campaign=quiz-word-pin
  ok /Users/minjaekim/Desktop/korean-teacher-mj/.tmp/quiz-word-pins/a36a8293-0872-434a-84b2-877106e66303/to-enlarge-a36a8293-word-pin.jpg

→ [14/2035] hammer / 망치 (779ff32b…)
   dest: https://kajakorean.com/vocab/detail/how-to-say/779ff32b-336d-4caa-b7c2-666f41128b09/hammer?utm_source=pinterest&utm_medium=pin&utm_campaign=quiz-word-pin
  ok /Users/minjaekim/Desktop/korean-teacher-mj/.tmp/quiz-word-pins/779ff32b-336d-4caa-b7c2-666f41128b09/hammer-779ff32b-word-pin.jpg

→ [15/2035] to mix / 섞다 (ecc6bcd4…)
   dest: https://kajakorean.com/vocab/detail/how-to-say/ecc6bcd4-675a-4227-8dc8-5fdd2794b74a/to-mix?utm_source=pinterest&utm_medium=pin&utm_campaign=quiz-word-pin
  ok /Users/minjaekim/Desktop/korean-teacher-mj/.tmp/quiz-word-pins/ecc6bcd4-675a-4227-8dc8-5fdd2794b74a/to-mix-ecc6bcd4-word-pin.jpg

→ [16/2035] to burst / 터지다 (2eb1a923…)
   dest: https://kajakorean.com/vocab/detail/how-to-say/2eb1a923-f656-4a32-8724-dfa36821ee7f/to-burst?utm_source=pinterest&utm_medium=pin&utm_campaign=quiz-word-pin
  ok /Users/minjaekim/Desktop/korean-teacher-mj/.tmp/quiz-word-pins/2eb1a923-f656-4a32-8724-dfa36821ee7f/to-burst-2eb1a923-word-pin.jpg

→ [17/2035] to break through / 돌파하다 (c78983e4…)
   dest: https://kajakorean.com/vocab/detail/how-to-say/c78983e4-3d3c-455e-b8a8-09eeea897e7e/to-break-through?utm_source=pinterest&utm_medium=pin&utm_campaign=quiz-word-pin
  ok /Users/minjaekim/Desktop/korean-teacher-mj/.tmp/quiz-word-pins/c78983e4-3d3c-455e-b8a8-09eeea897e7e/to-break-through-c78983e4-word-pin.jpg

→ [18/2035] to protest / 시위하다 (d3b6072d…)
   dest: https://kajakorean.com/vocab/detail/how-to-say/d3b6072d-a11a-4513-9dea-3e7d293712db/to-protest?utm_source=pinterest&utm_medium=pin&utm_campaign=quiz-word-pin
