==> quiz word pins n=1938 concurrency=4 seoOnly=true out=/Users/minjaekim/Desktop/korean-teacher-mj/.tmp/quiz-word-pins

→ [1/1938] where is the bathroom? / 화장실 어디예요? (30cf6e7d…)
   dest: https://kajakorean.com/vocab/detail/how-to-say/30cf6e7d-3546-413e-9e0d-bd7d101a6fc3/where-is-the-bathroom?utm_source=pinterest&utm_medium=pin&utm_campaign=quiz-word-pin

→ [2/1938] i understand / got it / 알겠어요 (6c099d1f…)
   dest: https://kajakorean.com/vocab/detail/how-to-say/6c099d1f-fae4-4b03-bf28-7715106614f7/i-understand-got-it?utm_source=pinterest&utm_medium=pin&utm_campaign=quiz-word-pin

→ [3/1938] i don't know / i don't understand / 모르겠어요 (ed4b0a28…)
   dest: https://kajakorean.com/vocab/detail/how-to-say/ed4b0a28-1990-4396-9337-3c787e76e6ff/i-don-t-know-i-don-t-understand?utm_source=pinterest&utm_medium=pin&utm_campaign=quiz-word-pin

→ [4/1938] please help me / 도와주세요 (6526574b…)
   dest: https://kajakorean.com/vocab/detail/how-to-say/6526574b-1f79-445a-b33a-3431f5d7ebed/please-help-me?utm_source=pinterest&utm_medium=pin&utm_campaign=quiz-word-pin
  ok /Users/minjaekim/Desktop/korean-teacher-mj/.tmp/quiz-word-pins/6526574b-1f79-445a-b33a-3431f5d7ebed/please-help-me-6526574b-word-pin.jpg

→ [5/1938] i'm tired / 피곤해요 (4138e110…)
   dest: https://kajakorean.com/vocab/detail/how-to-say/4138e110-b0c5-41c1-b1c6-b19f3d9e6976/i-m-tired?utm_source=pinterest&utm_medium=pin&utm_campaign=quiz-word-pin
  ok /Users/minjaekim/Desktop/korean-teacher-mj/.tmp/quiz-word-pins/ed4b0a28-1990-4396-9337-3c787e76e6ff/i-don-t-know-i-don-t-understand-ed4b0a28-word-pin.jpg

→ [6/1938] i'm full / 배불러요 (89480bc1…)
   dest: https://kajakorean.com/vocab/detail/how-to-say/89480bc1-ec0b-4e57-87b4-2ee27de80b8f/i-m-full?utm_source=pinterest&utm_medium=pin&utm_campaign=quiz-word-pin
  ok /Users/minjaekim/Desktop/korean-teacher-mj/.tmp/quiz-word-pins/30cf6e7d-3546-413e-9e0d-bd7d101a6fc3/where-is-the-bathroom-30cf6e7d-word-pin.jpg

→ [7/1938] i'm hungry / 배고파요 (7f64ed3a…)
   dest: https://kajakorean.com/vocab/detail/how-to-say/7f64ed3a-ce2d-4184-bf6c-144b4dcc9d09/i-m-hungry?utm_source=pinterest&utm_medium=pin&utm_campaign=quiz-word-pin
  ok /Users/minjaekim/Desktop/korean-teacher-mj/.tmp/quiz-word-pins/6c099d1f-fae4-4b03-bf28-7715106614f7/i-understand-got-it-6c099d1f-word-pin.jpg

→ [8/1938] it's delicious / 맛있어요 (b97d100d…)
   dest: https://kajakorean.com/vocab/detail/how-to-say/b97d100d-02f1-4712-9579-60807416ff7d/it-s-delicious?utm_source=pinterest&utm_medium=pin&utm_campaign=quiz-word-pin
  ok /Users/minjaekim/Desktop/korean-teacher-mj/.tmp/quiz-word-pins/89480bc1-ec0b-4e57-87b4-2ee27de80b8f/i-m-full-89480bc1-word-pin.jpg

→ [9/1938] how much is it? / 얼마예요? (46fffba0…)
   dest: https://kajakorean.com/vocab/detail/how-to-say/46fffba0-b1db-44f5-8f6e-f13a4eb2001d/how-much-is-it?utm_source=pinterest&utm_medium=pin&utm_campaign=quiz-word-pin
  ok /Users/minjaekim/Desktop/korean-teacher-mj/.tmp/quiz-word-pins/4138e110-b0c5-41c1-b1c6-b19f3d9e6976/i-m-tired-4138e110-word-pin.jpg

→ [10/1938] excuse me (calling staff) / 여기요 (f60f19f9…)
   dest: https://kajakorean.com/vocab/detail/how-to-say/f60f19f9-76cd-4239-a28e-316544568cbb/excuse-me-calling-staff?utm_source=pinterest&utm_medium=pin&utm_campaign=quiz-word-pin
  ok /Users/minjaekim/Desktop/korean-teacher-mj/.tmp/quiz-word-pins/b97d100d-02f1-4712-9579-60807416ff7d/it-s-delicious-b97d100d-word-pin.jpg

→ [11/1938] just a moment / 잠깐만요 (3a0a0d9e…)
   dest: https://kajakorean.com/vocab/detail/how-to-say/3a0a0d9e-f68a-4e6d-8637-6194223e8bf4/just-a-moment?utm_source=pinterest&utm_medium=pin&utm_campaign=quiz-word-pin
  ok /Users/minjaekim/Desktop/korean-teacher-mj/.tmp/quiz-word-pins/7f64ed3a-ce2d-4184-bf6c-144b4dcc9d09/i-m-hungry-7f64ed3a-word-pin.jpg

→ [12/1938] goodbye (to someone leaving) / 안녕히 가세요 (a38530b3…)
   dest: https://kajakorean.com/vocab/detail/how-to-say/a38530b3-16f7-496e-a716-220790a9e190/goodbye-to-someone-leaving?utm_source=pinterest&utm_medium=pin&utm_campaign=quiz-word-pin
  ok /Users/minjaekim/Desktop/korean-teacher-mj/.tmp/quiz-word-pins/3a0a0d9e-f68a-4e6d-8637-6194223e8bf4/just-a-moment-3a0a0d9e-word-pin.jpg

→ [13/1938] i'm sorry / 미안해요 (0e147b14…)
   dest: https://kajakorean.com/vocab/detail/how-to-say/0e147b14-45d9-4eee-ac1c-9d7bb227fcd3/i-m-sorry?utm_source=pinterest&utm_medium=pin&utm_campaign=quiz-word-pin
  ok /Users/minjaekim/Desktop/korean-teacher-mj/.tmp/quiz-word-pins/46fffba0-b1db-44f5-8f6e-f13a4eb2001d/how-much-is-it-46fffba0-word-pin.jpg

→ [14/1938] please give me / 주세요 (76ba93a1…)
   dest: https://kajakorean.com/vocab/detail/how-to-say/76ba93a1-30a2-4126-9717-c4a99ba90f14/please-give-me?utm_source=pinterest&utm_medium=pin&utm_campaign=quiz-word-pin
  ok /Users/minjaekim/Desktop/korean-teacher-mj/.tmp/quiz-word-pins/f60f19f9-76cd-4239-a28e-316544568cbb/excuse-me-calling-staff-f60f19f9-word-pin.jpg

→ [15/1938] no / you can't / 안 돼요 (77736598…)
   dest: https://kajakorean.com/vocab/detail/how-to-say/77736598-7dca-4d79-9f88-1f6fcf9ef6a3/no-you-can-t?utm_source=pinterest&utm_medium=pin&utm_campaign=quiz-word-pin
  ok /Users/minjaekim/Desktop/korean-teacher-mj/.tmp/quiz-word-pins/a38530b3-16f7-496e-a716-220790a9e190/goodbye-to-someone-leaving-a38530b3-word-pin.jpg

→ [16/1938] it's okay / i'm fine / 괜찮아요 (5caf11fc…)
   dest: https://kajakorean.com/vocab/detail/how-to-say/5caf11fc-1c25-4fee-a425-de7a2b891c22/it-s-okay-i-m-fine?utm_source=pinterest&utm_medium=pin&utm_campaign=quiz-word-pin
  ok /Users/minjaekim/Desktop/korean-teacher-mj/.tmp/quiz-word-pins/0e147b14-45d9-4eee-ac1c-9d7bb227fcd3/i-m-sorry-0e147b14-word-pin.jpg

→ [17/1938] i like it / 좋아요 (2f9a649c…)
   dest: https://kajakorean.com/vocab/detail/how-to-say/2f9a649c-0126-476c-a297-9781d1269d63/i-like-it?utm_source=pinterest&utm_medium=pin&utm_campaign=quiz-word-pin
  ok /Users/minjaekim/Desktop/korean-teacher-mj/.tmp/quiz-word-pins/76ba93a1-30a2-4126-9717-c4a99ba90f14/please-give-me-76ba93a1-word-pin.jpg

→ [18/1938] i don't like it / 싫어요 (cae47826…)
   dest: https://kajakorean.com/vocab/detail/how-to-say/cae47826-4a70-4817-9292-fdd466a271d3/i-don-t-like-it?utm_source=pinterest&utm_medium=pin&utm_campaign=quiz-word-pin
  ok /Users/minjaekim/Desktop/korean-teacher-mj/.tmp/quiz-word-pins/77736598-7dca-4d79-9f88-1f6fcf9ef6a3/no-you-can-t-77736598-word-pin.jpg

→ [19/1938] to roll / 구르다 (d9eea54d…)
   dest: https://kajakorean.com/vocab/detail/how-to-say/d9eea54d-787c-451a-a20d-fc39274a6b80/to-roll?utm_source=pinterest&utm_medium=pin&utm_campaign=quiz-word-pin
  ok /Users/minjaekim/Desktop/korean-teacher-mj/.tmp/quiz-word-pins/5caf11fc-1c25-4fee-a425-de7a2b891c22/it-s-okay-i-m-fine-5caf11fc-word-pin.jpg

→ [20/1938] oven / 오븐 (fa378e63…)
   dest: https://kajakorean.com/vocab/detail/how-to-say/fa378e63-40b7-4594-8865-2fd17172483d/oven?utm_source=pinterest&utm_medium=pin&utm_campaign=quiz-word-pin
  ok /Users/minjaekim/Desktop/korean-teacher-mj/.tmp/quiz-word-pins/2f9a649c-0126-476c-a297-9781d1269d63/i-like-it-2f9a649c-word-pin.jpg

→ [21/1938] to choose / 선택하다 (441553d9…)
   dest: https://kajakorean.com/vocab/detail/how-to-say/441553d9-8db1-4975-92f2-3b66f7a3b917/to-choose?utm_source=pinterest&utm_medium=pin&utm_campaign=quiz-word-pin
  ok /Users/minjaekim/Desktop/korean-teacher-mj/.tmp/quiz-word-pins/cae47826-4a70-4817-9292-fdd466a271d3/i-don-t-like-it-cae47826-word-pin.jpg

→ [22/1938] to wash dishes / 설거지하다 (821a48fc…)
   dest: https://kajakorean.com/vocab/detail/how-to-say/821a48fc-867e-4adf-adf8-8282e5def18a/to-wash-dishes?utm_source=pinterest&utm_medium=pin&utm_campaign=quiz-word-pin
  ok /Users/minjaekim/Desktop/korean-teacher-mj/.tmp/quiz-word-pins/d9eea54d-787c-451a-a20d-fc39274a6b80/to-roll-d9eea54d-word-pin.jpg

→ [23/1938] page / 페이지 (58741048…)
   dest: https://kajakorean.com/vocab/detail/how-to-say/58741048-af0b-469c-9411-b6d63291c077/page?utm_source=pinterest&utm_medium=pin&utm_campaign=quiz-word-pin
  ok /Users/minjaekim/Desktop/korean-teacher-mj/.tmp/quiz-word-pins/fa378e63-40b7-4594-8865-2fd17172483d/oven-fa378e63-word-pin.jpg

→ [24/1938] to defend / 방어하다 (d1a6314f…)
   dest: https://kajakorean.com/vocab/detail/how-to-say/d1a6314f-a0f5-4415-a5f9-1c083a17fd40/to-defend?utm_source=pinterest&utm_medium=pin&utm_campaign=quiz-word-pin
  ok /Users/minjaekim/Desktop/korean-teacher-mj/.tmp/quiz-word-pins/58741048-af0b-469c-9411-b6d63291c077/page-58741048-word-pin.jpg

→ [25/1938] fox / 여우 (1194af43…)
   dest: https://kajakorean.com/vocab/detail/how-to-say/1194af43-a435-4c36-a9a8-fb92ebcc384e/fox?utm_source=pinterest&utm_medium=pin&utm_campaign=quiz-word-pin
  ok /Users/minjaekim/Desktop/korean-teacher-mj/.tmp/quiz-word-pins/441553d9-8db1-4975-92f2-3b66f7a3b917/to-choose-441553d9-word-pin.jpg

→ [26/1938] utility knife / 커터 (c21bfadb…)
   dest: https://kajakorean.com/vocab/detail/how-to-say/c21bfadb-ac85-42e9-932b-a76b6645999e/utility-knife?utm_source=pinterest&utm_medium=pin&utm_campaign=quiz-word-pin
  ok /Users/minjaekim/Desktop/korean-teacher-mj/.tmp/quiz-word-pins/821a48fc-867e-4adf-adf8-8282e5def18a/to-wash-dishes-821a48fc-word-pin.jpg

→ [27/1938] shovel / 삽 (cf44ee5b…)
   dest: https://kajakorean.com/vocab/detail/how-to-say/cf44ee5b-d362-4c5c-a8ad-fbc57d709cbe/shovel?utm_source=pinterest&utm_medium=pin&utm_campaign=quiz-word-pin
  ok /Users/minjaekim/Desktop/korean-teacher-mj/.tmp/quiz-word-pins/1194af43-a435-4c36-a9a8-fb92ebcc384e/fox-1194af43-word-pin.jpg

→ [28/1938] to empty / 비우다 (7a8985cc…)
   dest: https://kajakorean.com/vocab/detail/how-to-say/7a8985cc-dbad-4b19-b462-3cd5a484059e/to-empty?utm_source=pinterest&utm_medium=pin&utm_campaign=quiz-word-pin
  ok /Users/minjaekim/Desktop/korean-teacher-mj/.tmp/quiz-word-pins/d1a6314f-a0f5-4415-a5f9-1c083a17fd40/to-defend-d1a6314f-word-pin.jpg

→ [29/1938] rock / 바위 (1a8792c8…)
   dest: https://kajakorean.com/vocab/detail/how-to-say/1a8792c8-dbed-41e1-afe6-7013e4144c8e/rock?utm_source=pinterest&utm_medium=pin&utm_campaign=quiz-word-pin
  ok /Users/minjaekim/Desktop/korean-teacher-mj/.tmp/quiz-word-pins/cf44ee5b-d362-4c5c-a8ad-fbc57d709cbe/shovel-cf44ee5b-word-pin.jpg

→ [30/1938] to wrap / 감싸다 (0041dafb…)
   dest: https://kajakorean.com/vocab/detail/how-to-say/0041dafb-d680-48dc-bfd6-ae819d12df46/to-wrap?utm_source=pinterest&utm_medium=pin&utm_campaign=quiz-word-pin
  ok /Users/minjaekim/Desktop/korean-teacher-mj/.tmp/quiz-word-pins/1a8792c8-dbed-41e1-afe6-7013e4144c8e/rock-1a8792c8-word-pin.jpg

→ [31/1938] tooth / 이빨 (0d2469db…)
   dest: https://kajakorean.com/vocab/detail/how-to-say/0d2469db-5761-4398-ae57-c649b9dc34ae/tooth?utm_source=pinterest&utm_medium=pin&utm_campaign=quiz-word-pin
  ok /Users/minjaekim/Desktop/korean-teacher-mj/.tmp/quiz-word-pins/7a8985cc-dbad-4b19-b462-3cd5a484059e/to-empty-7a8985cc-word-pin.jpg

→ [32/1938] to order / 주문하다 (2c1f504c…)
   dest: https://kajakorean.com/vocab/detail/how-to-say/2c1f504c-71cb-426a-9c02-8c30426cefab/to-order?utm_source=pinterest&utm_medium=pin&utm_campaign=quiz-word-pin
  ok /Users/minjaekim/Desktop/korean-teacher-mj/.tmp/quiz-word-pins/c21bfadb-ac85-42e9-932b-a76b6645999e/utility-knife-c21bfadb-word-pin.jpg

→ [33/1938] to ignore / 무시하다 (adaa3bfa…)
   dest: https://kajakorean.com/vocab/detail/how-to-say/adaa3bfa-9eb9-4f05-8c77-eb6a36586f44/to-ignore?utm_source=pinterest&utm_medium=pin&utm_campaign=quiz-word-pin
  ok /Users/minjaekim/Desktop/korean-teacher-mj/.tmp/quiz-word-pins/0041dafb-d680-48dc-bfd6-ae819d12df46/to-wrap-0041dafb-word-pin.jpg

→ [34/1938] box / 박스 (fda0baf9…)
   dest: https://kajakorean.com/vocab/detail/how-to-say/fda0baf9-d449-4854-b756-29b7f9472010/box?utm_source=pinterest&utm_medium=pin&utm_campaign=quiz-word-pin
  ok /Users/minjaekim/Desktop/korean-teacher-mj/.tmp/quiz-word-pins/0d2469db-5761-4398-ae57-c649b9dc34ae/tooth-0d2469db-word-pin.jpg

→ [35/1938] to fold / 접다 (db3a3ffd…)
   dest: https://kajakorean.com/vocab/detail/how-to-say/db3a3ffd-e9be-414e-af1c-d45c123c19c2/to-fold?utm_source=pinterest&utm_medium=pin&utm_campaign=quiz-word-pin
  ok /Users/minjaekim/Desktop/korean-teacher-mj/.tmp/quiz-word-pins/2c1f504c-71cb-426a-9c02-8c30426cefab/to-order-2c1f504c-word-pin.jpg

→ [36/1938] toenail / 발톱 (220bcb78…)
   dest: https://kajakorean.com/vocab/detail/how-to-say/220bcb78-af52-4d1e-88b2-158c08823443/toenail?utm_source=pinterest&utm_medium=pin&utm_campaign=quiz-word-pin
  ok /Users/minjaekim/Desktop/korean-teacher-mj/.tmp/quiz-word-pins/adaa3bfa-9eb9-4f05-8c77-eb6a36586f44/to-ignore-adaa3bfa-word-pin.jpg

→ [37/1938] monster / 괴물 (fcb463b8…)
   dest: https://kajakorean.com/vocab/detail/how-to-say/fcb463b8-8cae-4396-800e-7a252bb67f5f/monster?utm_source=pinterest&utm_medium=pin&utm_campaign=quiz-word-pin
  ok /Users/minjaekim/Desktop/korean-teacher-mj/.tmp/quiz-word-pins/db3a3ffd-e9be-414e-af1c-d45c123c19c2/to-fold-db3a3ffd-word-pin.jpg

→ [38/1938] skirt / 스커트 (0f44cde9…)
   dest: https://kajakorean.com/vocab/detail/how-to-say/0f44cde9-8827-41e9-aa16-15f5b9f85942/skirt?utm_source=pinterest&utm_medium=pin&utm_campaign=quiz-word-pin
  ok /Users/minjaekim/Desktop/korean-teacher-mj/.tmp/quiz-word-pins/fda0baf9-d449-4854-b756-29b7f9472010/box-fda0baf9-word-pin.jpg

→ [39/1938] memo / 메모 (b82d9cc8…)
   dest: https://kajakorean.com/vocab/detail/how-to-say/b82d9cc8-4e20-4d5c-abcc-b034d613cc3a/memo?utm_source=pinterest&utm_medium=pin&utm_campaign=quiz-word-pin
  ok /Users/minjaekim/Desktop/korean-teacher-mj/.tmp/quiz-word-pins/0f44cde9-8827-41e9-aa16-15f5b9f85942/skirt-0f44cde9-word-pin.jpg

→ [40/1938] garden / 정원 (29cf2199…)
   dest: https://kajakorean.com/vocab/detail/how-to-say/29cf2199-ca7f-4073-a6e4-ee243805266f/garden?utm_source=pinterest&utm_medium=pin&utm_campaign=quiz-word-pin
  ok /Users/minjaekim/Desktop/korean-teacher-mj/.tmp/quiz-word-pins/220bcb78-af52-4d1e-88b2-158c08823443/toenail-220bcb78-word-pin.jpg

→ [41/1938] gray / 회색 (22cc07bb…)
   dest: https://kajakorean.com/vocab/detail/how-to-say/22cc07bb-4ef8-4fa3-9903-bc108e4ffbc7/gray?utm_source=pinterest&utm_medium=pin&utm_campaign=quiz-word-pin
  ok /Users/minjaekim/Desktop/korean-teacher-mj/.tmp/quiz-word-pins/fcb463b8-8cae-4396-800e-7a252bb67f5f/monster-fcb463b8-word-pin.jpg

→ [42/1938] cold water / 찬물 (28a72245…)
   dest: https://kajakorean.com/vocab/detail/how-to-say/28a72245-8bf8-4dcf-86fd-8b771caa741c/cold-water?utm_source=pinterest&utm_medium=pin&utm_campaign=quiz-word-pin
  ok /Users/minjaekim/Desktop/korean-teacher-mj/.tmp/quiz-word-pins/b82d9cc8-4e20-4d5c-abcc-b034d613cc3a/memo-b82d9cc8-word-pin.jpg

→ [43/1938] sunlight / 햇빛 (fe868af2…)
   dest: https://kajakorean.com/vocab/detail/how-to-say/fe868af2-9a5c-404b-85f5-bc5ece9efe2d/sunlight?utm_source=pinterest&utm_medium=pin&utm_campaign=quiz-word-pin
  ok /Users/minjaekim/Desktop/korean-teacher-mj/.tmp/quiz-word-pins/29cf2199-ca7f-4073-a6e4-ee243805266f/garden-29cf2199-word-pin.jpg

→ [44/1938] to point / 가리키다 (61ca153c…)
   dest: https://kajakorean.com/vocab/detail/how-to-say/61ca153c-4447-4a42-8b8b-00bb4171451f/to-point?utm_source=pinterest&utm_medium=pin&utm_campaign=quiz-word-pin
  ok /Users/minjaekim/Desktop/korean-teacher-mj/.tmp/quiz-word-pins/28a72245-8bf8-4dcf-86fd-8b771caa741c/cold-water-28a72245-word-pin.jpg

→ [45/1938] to ask a favor / 부탁하다 (0bb002e4…)
   dest: https://kajakorean.com/vocab/detail/how-to-say/0bb002e4-ec6a-4077-b6c4-716855b0e6d2/to-ask-a-favor?utm_source=pinterest&utm_medium=pin&utm_campaign=quiz-word-pin
  ok /Users/minjaekim/Desktop/korean-teacher-mj/.tmp/quiz-word-pins/22cc07bb-4ef8-4fa3-9903-bc108e4ffbc7/gray-22cc07bb-word-pin.jpg

→ [46/1938] child / 애 (079c0420…)
   dest: https://kajakorean.com/vocab/detail/how-to-say/079c0420-ffce-4a56-84ff-c33165f523b5/child?utm_source=pinterest&utm_medium=pin&utm_campaign=quiz-word-pin
  ok /Users/minjaekim/Desktop/korean-teacher-mj/.tmp/quiz-word-pins/fe868af2-9a5c-404b-85f5-bc5ece9efe2d/sunlight-fe868af2-word-pin.jpg

→ [47/1938] to lack / 모자라다 (ae5e26b2…)
   dest: https://kajakorean.com/vocab/detail/how-to-say/ae5e26b2-6a51-427e-81bf-d334ebb1e66b/to-lack?utm_source=pinterest&utm_medium=pin&utm_campaign=quiz-word-pin
  ok /Users/minjaekim/Desktop/korean-teacher-mj/.tmp/quiz-word-pins/0bb002e4-ec6a-4077-b6c4-716855b0e6d2/to-ask-a-favor-0bb002e4-word-pin.jpg

→ [48/1938] black / 검정 (7abdd574…)
   dest: https://kajakorean.com/vocab/detail/how-to-say/7abdd574-e654-4217-a887-0d3f6d534a9d/black?utm_source=pinterest&utm_medium=pin&utm_campaign=quiz-word-pin
  ok /Users/minjaekim/Desktop/korean-teacher-mj/.tmp/quiz-word-pins/079c0420-ffce-4a56-84ff-c33165f523b5/child-079c0420-word-pin.jpg

→ [49/1938] balloon / 풍선 (ac5b2c8d…)
   dest: https://kajakorean.com/vocab/detail/how-to-say/ac5b2c8d-352b-401a-914c-a9d547e6dc19/balloon?utm_source=pinterest&utm_medium=pin&utm_campaign=quiz-word-pin
  ok /Users/minjaekim/Desktop/korean-teacher-mj/.tmp/quiz-word-pins/ae5e26b2-6a51-427e-81bf-d334ebb1e66b/to-lack-ae5e26b2-word-pin.jpg

→ [50/1938] purple / 보라 (a6669e70…)
   dest: https://kajakorean.com/vocab/detail/how-to-say/a6669e70-bbc2-4fc8-9280-4b19d9916e22/purple?utm_source=pinterest&utm_medium=pin&utm_campaign=quiz-word-pin
  ok /Users/minjaekim/Desktop/korean-teacher-mj/.tmp/quiz-word-pins/61ca153c-4447-4a42-8b8b-00bb4171451f/to-point-61ca153c-word-pin.jpg

→ [51/1938] raincoat / 비옷 (09eaa28b…)
   dest: https://kajakorean.com/vocab/detail/how-to-say/09eaa28b-799c-4c51-8a86-9d2422f01532/raincoat?utm_source=pinterest&utm_medium=pin&utm_campaign=quiz-word-pin
  ok /Users/minjaekim/Desktop/korean-teacher-mj/.tmp/quiz-word-pins/7abdd574-e654-4217-a887-0d3f6d534a9d/black-7abdd574-word-pin.jpg

→ [52/1938] fan / 선풍기 (aaee15a4…)
   dest: https://kajakorean.com/vocab/detail/how-to-say/aaee15a4-3d5c-428d-8f71-47e78c03ca6b/fan?utm_source=pinterest&utm_medium=pin&utm_campaign=quiz-word-pin
  ok /Users/minjaekim/Desktop/korean-teacher-mj/.tmp/quiz-word-pins/ac5b2c8d-352b-401a-914c-a9d547e6dc19/balloon-ac5b2c8d-word-pin.jpg

→ [53/1938] ice / 얼음 (28a267bb…)
   dest: https://kajakorean.com/vocab/detail/how-to-say/28a267bb-849b-4716-b4bf-43000f4a582f/ice?utm_source=pinterest&utm_medium=pin&utm_campaign=quiz-word-pin
  ok /Users/minjaekim/Desktop/korean-teacher-mj/.tmp/quiz-word-pins/09eaa28b-799c-4c51-8a86-9d2422f01532/raincoat-09eaa28b-word-pin.jpg

→ [54/1938] rabbit / 토끼 (e753ab79…)
   dest: https://kajakorean.com/vocab/detail/how-to-say/e753ab79-55c9-47a5-9272-f8cce845c5dd/rabbit?utm_source=pinterest&utm_medium=pin&utm_campaign=quiz-word-pin
  ok /Users/minjaekim/Desktop/korean-teacher-mj/.tmp/quiz-word-pins/aaee15a4-3d5c-428d-8f71-47e78c03ca6b/fan-aaee15a4-word-pin.jpg

→ [55/1938] grass / 풀 (55dbec77…)
   dest: https://kajakorean.com/vocab/detail/how-to-say/55dbec77-050e-4ab0-8fd5-4673c17b951a/grass?utm_source=pinterest&utm_medium=pin&utm_campaign=quiz-word-pin
  ok /Users/minjaekim/Desktop/korean-teacher-mj/.tmp/quiz-word-pins/a6669e70-bbc2-4fc8-9280-4b19d9916e22/purple-a6669e70-word-pin.jpg

→ [56/1938] shampoo / 샴푸 (4f1c517f…)
   dest: https://kajakorean.com/vocab/detail/how-to-say/4f1c517f-5dab-412e-9a37-7946887caac7/shampoo?utm_source=pinterest&utm_medium=pin&utm_campaign=quiz-word-pin
  ok /Users/minjaekim/Desktop/korean-teacher-mj/.tmp/quiz-word-pins/28a267bb-849b-4716-b4bf-43000f4a582f/ice-28a267bb-word-pin.jpg

→ [57/1938] bowl / 그릇 (db3de5c6…)
   dest: https://kajakorean.com/vocab/detail/how-to-say/db3de5c6-1470-40a6-8c7a-b02d06d99955/bowl?utm_source=pinterest&utm_medium=pin&utm_campaign=quiz-word-pin
  ok /Users/minjaekim/Desktop/korean-teacher-mj/.tmp/quiz-word-pins/55dbec77-050e-4ab0-8fd5-4673c17b951a/grass-55dbec77-word-pin.jpg

→ [58/1938] spider / 거미 (564a75a6…)
   dest: https://kajakorean.com/vocab/detail/how-to-say/564a75a6-27ff-4af0-a7ad-9d1c0cfd6964/spider?utm_source=pinterest&utm_medium=pin&utm_campaign=quiz-word-pin
  ok /Users/minjaekim/Desktop/korean-teacher-mj/.tmp/quiz-word-pins/e753ab79-55c9-47a5-9272-f8cce845c5dd/rabbit-e753ab79-word-pin.jpg

→ [59/1938] bee / 벌 (8c8dc58a…)
   dest: https://kajakorean.com/vocab/detail/how-to-say/8c8dc58a-6050-464b-bd0f-feeafe879999/bee?utm_source=pinterest&utm_medium=pin&utm_campaign=quiz-word-pin
  ok /Users/minjaekim/Desktop/korean-teacher-mj/.tmp/quiz-word-pins/4f1c517f-5dab-412e-9a37-7946887caac7/shampoo-4f1c517f-word-pin.jpg

→ [60/1938] piano / 피아노 (c3a6a012…)
   dest: https://kajakorean.com/vocab/detail/how-to-say/c3a6a012-0a44-4d34-a2a8-408b513c8e4c/piano?utm_source=pinterest&utm_medium=pin&utm_campaign=quiz-word-pin
  ok /Users/minjaekim/Desktop/korean-teacher-mj/.tmp/quiz-word-pins/db3de5c6-1470-40a6-8c7a-b02d06d99955/bowl-db3de5c6-word-pin.jpg

→ [61/1938] map / 지도 (564564bc…)
   dest: https://kajakorean.com/vocab/detail/how-to-say/564564bc-e040-4736-a539-2a5a7b2e6816/map?utm_source=pinterest&utm_medium=pin&utm_campaign=quiz-word-pin
  ok /Users/minjaekim/Desktop/korean-teacher-mj/.tmp/quiz-word-pins/8c8dc58a-6050-464b-bd0f-feeafe879999/bee-8c8dc58a-word-pin.jpg

→ [62/1938] bag / 가방 (de283b30…)
   dest: https://kajakorean.com/vocab/detail/how-to-say/de283b30-d0d5-45b7-aabf-4a7abc1ae157/bag?utm_source=pinterest&utm_medium=pin&utm_campaign=quiz-word-pin
  ok /Users/minjaekim/Desktop/korean-teacher-mj/.tmp/quiz-word-pins/564a75a6-27ff-4af0-a7ad-9d1c0cfd6964/spider-564a75a6-word-pin.jpg

→ [63/1938] police car / 경찰차 (d2abc8db…)
   dest: https://kajakorean.com/vocab/detail/how-to-say/d2abc8db-8fb1-4ee9-95b0-79693f612a19/police-car?utm_source=pinterest&utm_medium=pin&utm_campaign=quiz-word-pin
  ok /Users/minjaekim/Desktop/korean-teacher-mj/.tmp/quiz-word-pins/c3a6a012-0a44-4d34-a2a8-408b513c8e4c/piano-c3a6a012-word-pin.jpg

→ [64/1938] butter / 버터 (7829f0d8…)
   dest: https://kajakorean.com/vocab/detail/how-to-say/7829f0d8-309f-4648-a4e7-def8ee1c9345/butter?utm_source=pinterest&utm_medium=pin&utm_campaign=quiz-word-pin
  ok /Users/minjaekim/Desktop/korean-teacher-mj/.tmp/quiz-word-pins/564564bc-e040-4736-a539-2a5a7b2e6816/map-564564bc-word-pin.jpg

→ [65/1938] slippers / 슬리퍼 (0b71271f…)
   dest: https://kajakorean.com/vocab/detail/how-to-say/0b71271f-b339-4d41-9981-b0e9041c0a52/slippers?utm_source=pinterest&utm_medium=pin&utm_campaign=quiz-word-pin
  ok /Users/minjaekim/Desktop/korean-teacher-mj/.tmp/quiz-word-pins/d2abc8db-8fb1-4ee9-95b0-79693f612a19/police-car-d2abc8db-word-pin.jpg

→ [66/1938] butterfly / 나비 (317f1b14…)
   dest: https://kajakorean.com/vocab/detail/how-to-say/317f1b14-388e-435a-be5e-45b548a0f208/butterfly?utm_source=pinterest&utm_medium=pin&utm_campaign=quiz-word-pin
  ok /Users/minjaekim/Desktop/korean-teacher-mj/.tmp/quiz-word-pins/de283b30-d0d5-45b7-aabf-4a7abc1ae157/bag-de283b30-word-pin.jpg

→ [67/1938] deer / 사슴 (09a82423…)
   dest: https://kajakorean.com/vocab/detail/how-to-say/09a82423-a41c-4fef-a519-0a9c4a4732ad/deer?utm_source=pinterest&utm_medium=pin&utm_campaign=quiz-word-pin
  ok /Users/minjaekim/Desktop/korean-teacher-mj/.tmp/quiz-word-pins/7829f0d8-309f-4648-a4e7-def8ee1c9345/butter-7829f0d8-word-pin.jpg

→ [68/1938] whale / 고래 (3277619c…)
   dest: https://kajakorean.com/vocab/detail/how-to-say/3277619c-601d-4ea5-97be-f423ab31fcc6/whale?utm_source=pinterest&utm_medium=pin&utm_campaign=quiz-word-pin
  ok /Users/minjaekim/Desktop/korean-teacher-mj/.tmp/quiz-word-pins/0b71271f-b339-4d41-9981-b0e9041c0a52/slippers-0b71271f-word-pin.jpg

→ [69/1938] swimsuit / 수영복 (5033cd99…)
   dest: https://kajakorean.com/vocab/detail/how-to-say/5033cd99-6879-4451-8aac-b718f227229a/swimsuit?utm_source=pinterest&utm_medium=pin&utm_campaign=quiz-word-pin
  ok /Users/minjaekim/Desktop/korean-teacher-mj/.tmp/quiz-word-pins/317f1b14-388e-435a-be5e-45b548a0f208/butterfly-317f1b14-word-pin.jpg

→ [70/1938] trash can / 쓰레기통 (f2eb4db3…)
   dest: https://kajakorean.com/vocab/detail/how-to-say/f2eb4db3-c029-40a8-917d-2c2826e9c8a3/trash-can?utm_source=pinterest&utm_medium=pin&utm_campaign=quiz-word-pin
  ok /Users/minjaekim/Desktop/korean-teacher-mj/.tmp/quiz-word-pins/09a82423-a41c-4fef-a519-0a9c4a4732ad/deer-09a82423-word-pin.jpg

→ [71/1938] ticket / 표 (a63a2041…)
   dest: https://kajakorean.com/vocab/detail/how-to-say/a63a2041-38c7-40a8-b1de-5675a7c34c14/ticket?utm_source=pinterest&utm_medium=pin&utm_campaign=quiz-word-pin
  ok /Users/minjaekim/Desktop/korean-teacher-mj/.tmp/quiz-word-pins/5033cd99-6879-4451-8aac-b718f227229a/swimsuit-5033cd99-word-pin.jpg

→ [72/1938] radish / 무 (93badfee…)
   dest: https://kajakorean.com/vocab/detail/how-to-say/93badfee-1f24-4ee4-8935-9aeb0b09e5e1/radish?utm_source=pinterest&utm_medium=pin&utm_campaign=quiz-word-pin
  ok /Users/minjaekim/Desktop/korean-teacher-mj/.tmp/quiz-word-pins/3277619c-601d-4ea5-97be-f423ab31fcc6/whale-3277619c-word-pin.jpg

→ [73/1938] yogurt / 요구르트 (ff8046ad…)
   dest: https://kajakorean.com/vocab/detail/how-to-say/ff8046ad-0f5b-4b0d-80a3-9bf81eb10191/yogurt?utm_source=pinterest&utm_medium=pin&utm_campaign=quiz-word-pin
  ok /Users/minjaekim/Desktop/korean-teacher-mj/.tmp/quiz-word-pins/f2eb4db3-c029-40a8-917d-2c2826e9c8a3/trash-can-f2eb4db3-word-pin.jpg

→ [74/1938] honey / 꿀 (9558e42f…)
   dest: https://kajakorean.com/vocab/detail/how-to-say/9558e42f-3b54-4e00-bbb0-1a24882970f6/honey?utm_source=pinterest&utm_medium=pin&utm_campaign=quiz-word-pin
  ok /Users/minjaekim/Desktop/korean-teacher-mj/.tmp/quiz-word-pins/a63a2041-38c7-40a8-b1de-5675a7c34c14/ticket-a63a2041-word-pin.jpg

→ [75/1938] sneakers / 운동화 (76001ab5…)
   dest: https://kajakorean.com/vocab/detail/how-to-say/76001ab5-a0c2-4690-9780-d237c8647363/sneakers?utm_source=pinterest&utm_medium=pin&utm_campaign=quiz-word-pin
  ok /Users/minjaekim/Desktop/korean-teacher-mj/.tmp/quiz-word-pins/ff8046ad-0f5b-4b0d-80a3-9bf81eb10191/yogurt-ff8046ad-word-pin.jpg

→ [76/1938] to lock / 잠그다 (b153a318…)
   dest: https://kajakorean.com/vocab/detail/how-to-say/b153a318-16c4-4860-9ac9-8d0dc4f610e3/to-lock?utm_source=pinterest&utm_medium=pin&utm_campaign=quiz-word-pin
  ok /Users/minjaekim/Desktop/korean-teacher-mj/.tmp/quiz-word-pins/93badfee-1f24-4ee4-8935-9aeb0b09e5e1/radish-93badfee-word-pin.jpg

→ [77/1938] to put down / 놓다 (31adf335…)
   dest: https://kajakorean.com/vocab/detail/how-to-say/31adf335-c0d0-46e7-bf1c-0567ce8c7026/to-put-down?utm_source=pinterest&utm_medium=pin&utm_campaign=quiz-word-pin
  ok /Users/minjaekim/Desktop/korean-teacher-mj/.tmp/quiz-word-pins/b153a318-16c4-4860-9ac9-8d0dc4f610e3/to-lock-b153a318-word-pin.jpg

→ [78/1938] to cross / 건너다 (acedf707…)
   dest: https://kajakorean.com/vocab/detail/how-to-say/acedf707-4e60-46b6-9bec-a7f4a3a864a3/to-cross?utm_source=pinterest&utm_medium=pin&utm_campaign=quiz-word-pin
  ok /Users/minjaekim/Desktop/korean-teacher-mj/.tmp/quiz-word-pins/76001ab5-a0c2-4690-9780-d237c8647363/sneakers-76001ab5-word-pin.jpg

→ [79/1938] to push / 밀다 (3af21a41…)
   dest: https://kajakorean.com/vocab/detail/how-to-say/3af21a41-4a2a-49e2-b744-8fd27e2c5c05/to-push?utm_source=pinterest&utm_medium=pin&utm_campaign=quiz-word-pin
  ok /Users/minjaekim/Desktop/korean-teacher-mj/.tmp/quiz-word-pins/9558e42f-3b54-4e00-bbb0-1a24882970f6/honey-9558e42f-word-pin.jpg

→ [80/1938] gloves / 장갑 (91efc1c6…)
   dest: https://kajakorean.com/vocab/detail/how-to-say/91efc1c6-056b-4e39-b241-f373761d72ca/gloves?utm_source=pinterest&utm_medium=pin&utm_campaign=quiz-word-pin
  ok /Users/minjaekim/Desktop/korean-teacher-mj/.tmp/quiz-word-pins/31adf335-c0d0-46e7-bf1c-0567ce8c7026/to-put-down-31adf335-word-pin.jpg

→ [81/1938] scarf / 목도리 (dfb5be30…)
   dest: https://kajakorean.com/vocab/detail/how-to-say/dfb5be30-c321-4f7d-ae68-30b8e8683a9f/scarf?utm_source=pinterest&utm_medium=pin&utm_campaign=quiz-word-pin
  ok /Users/minjaekim/Desktop/korean-teacher-mj/.tmp/quiz-word-pins/91efc1c6-056b-4e39-b241-f373761d72ca/gloves-91efc1c6-word-pin.jpg

→ [82/1938] lake / 호수 (737c27fc…)
   dest: https://kajakorean.com/vocab/detail/how-to-say/737c27fc-fd07-4b8a-a126-b00f580630ce/lake?utm_source=pinterest&utm_medium=pin&utm_campaign=quiz-word-pin
  ok /Users/minjaekim/Desktop/korean-teacher-mj/.tmp/quiz-word-pins/3af21a41-4a2a-49e2-b744-8fd27e2c5c05/to-push-3af21a41-word-pin.jpg

→ [83/1938] frog / 개구리 (3cf9f169…)
   dest: https://kajakorean.com/vocab/detail/how-to-say/3cf9f169-0d79-4d98-a30b-89a45acef8f6/frog?utm_source=pinterest&utm_medium=pin&utm_campaign=quiz-word-pin
  ok /Users/minjaekim/Desktop/korean-teacher-mj/.tmp/quiz-word-pins/dfb5be30-c321-4f7d-ae68-30b8e8683a9f/scarf-dfb5be30-word-pin.jpg

→ [84/1938] scissors / 가위 (1afb81d7…)
   dest: https://kajakorean.com/vocab/detail/how-to-say/1afb81d7-1d4c-4ce6-ac67-35bdcaecc984/scissors?utm_source=pinterest&utm_medium=pin&utm_campaign=quiz-word-pin
  ok /Users/minjaekim/Desktop/korean-teacher-mj/.tmp/quiz-word-pins/737c27fc-fd07-4b8a-a126-b00f580630ce/lake-737c27fc-word-pin.jpg

→ [85/1938] picture frame / 액자 (6a2ba12c…)
   dest: https://kajakorean.com/vocab/detail/how-to-say/6a2ba12c-d76b-4167-888e-b81b8c3e2c15/picture-frame?utm_source=pinterest&utm_medium=pin&utm_campaign=quiz-word-pin
  ok /Users/minjaekim/Desktop/korean-teacher-mj/.tmp/quiz-word-pins/acedf707-4e60-46b6-9bec-a7f4a3a864a3/to-cross-acedf707-word-pin.jpg

→ [86/1938] snake / 뱀 (2a4e724a…)
   dest: https://kajakorean.com/vocab/detail/how-to-say/2a4e724a-fccb-4c1d-bd88-4a335ca1b913/snake?utm_source=pinterest&utm_medium=pin&utm_campaign=quiz-word-pin
  ok /Users/minjaekim/Desktop/korean-teacher-mj/.tmp/quiz-word-pins/3cf9f169-0d79-4d98-a30b-89a45acef8f6/frog-3cf9f169-word-pin.jpg

→ [87/1938] duck / 오리 (b94c9836…)
   dest: https://kajakorean.com/vocab/detail/how-to-say/b94c9836-e537-4944-86ba-4688bd9114a9/duck?utm_source=pinterest&utm_medium=pin&utm_campaign=quiz-word-pin
  ok /Users/minjaekim/Desktop/korean-teacher-mj/.tmp/quiz-word-pins/1afb81d7-1d4c-4ce6-ac67-35bdcaecc984/scissors-1afb81d7-word-pin.jpg

→ [88/1938] sheep / 양 (e9313ffe…)
   dest: https://kajakorean.com/vocab/detail/how-to-say/e9313ffe-6d6a-418f-a206-d5bb812b7531/sheep?utm_source=pinterest&utm_medium=pin&utm_campaign=quiz-word-pin
  ok /Users/minjaekim/Desktop/korean-teacher-mj/.tmp/quiz-word-pins/2a4e724a-fccb-4c1d-bd88-4a335ca1b913/snake-2a4e724a-word-pin.jpg

→ [89/1938] necklace / 목걸이 (b49be550…)
   dest: https://kajakorean.com/vocab/detail/how-to-say/b49be550-3254-41f0-b928-d3f288739fe8/necklace?utm_source=pinterest&utm_medium=pin&utm_campaign=quiz-word-pin
  ok /Users/minjaekim/Desktop/korean-teacher-mj/.tmp/quiz-word-pins/6a2ba12c-d76b-4167-888e-b81b8c3e2c15/picture-frame-6a2ba12c-word-pin.jpg

→ [90/1938] tape / 테이프 (e974eed1…)
   dest: https://kajakorean.com/vocab/detail/how-to-say/e974eed1-e2a5-4ecd-9a35-492335551d60/tape?utm_source=pinterest&utm_medium=pin&utm_campaign=quiz-word-pin
  ok /Users/minjaekim/Desktop/korean-teacher-mj/.tmp/quiz-word-pins/e9313ffe-6d6a-418f-a206-d5bb812b7531/sheep-e9313ffe-word-pin.jpg

→ [91/1938] calculator / 계산기 (7e109cca…)
   dest: https://kajakorean.com/vocab/detail/how-to-say/7e109cca-c746-4e06-9a9e-0a3fff3aff99/calculator?utm_source=pinterest&utm_medium=pin&utm_campaign=quiz-word-pin
  ok /Users/minjaekim/Desktop/korean-teacher-mj/.tmp/quiz-word-pins/b49be550-3254-41f0-b928-d3f288739fe8/necklace-b49be550-word-pin.jpg

→ [92/1938] helmet / 헬멧 (c06f17c1…)
   dest: https://kajakorean.com/vocab/detail/how-to-say/c06f17c1-4e4a-442a-844b-eebdac6e6cfb/helmet?utm_source=pinterest&utm_medium=pin&utm_campaign=quiz-word-pin
  ok /Users/minjaekim/Desktop/korean-teacher-mj/.tmp/quiz-word-pins/b94c9836-e537-4944-86ba-4688bd9114a9/duck-b94c9836-word-pin.jpg

→ [93/1938] spaghetti / 스파게티 (95863630…)
   dest: https://kajakorean.com/vocab/detail/how-to-say/95863630-0f76-4502-973e-af9b02a2573c/spaghetti?utm_source=pinterest&utm_medium=pin&utm_campaign=quiz-word-pin
  ok /Users/minjaekim/Desktop/korean-teacher-mj/.tmp/quiz-word-pins/e974eed1-e2a5-4ecd-9a35-492335551d60/tape-e974eed1-word-pin.jpg

→ [94/1938] iron / 다리미 (6708d4b1…)
   dest: https://kajakorean.com/vocab/detail/how-to-say/6708d4b1-3e81-4d78-9700-a3d9189cb4dc/iron?utm_source=pinterest&utm_medium=pin&utm_campaign=quiz-word-pin
  ok /Users/minjaekim/Desktop/korean-teacher-mj/.tmp/quiz-word-pins/7e109cca-c746-4e06-9a9e-0a3fff3aff99/calculator-7e109cca-word-pin.jpg

→ [95/1938] bear / 곰 (6ae7bb57…)
   dest: https://kajakorean.com/vocab/detail/how-to-say/6ae7bb57-5e71-41c0-a28d-af6d7442277b/bear?utm_source=pinterest&utm_medium=pin&utm_campaign=quiz-word-pin
  ok /Users/minjaekim/Desktop/korean-teacher-mj/.tmp/quiz-word-pins/c06f17c1-4e4a-442a-844b-eebdac6e6cfb/helmet-c06f17c1-word-pin.jpg

→ [96/1938] fish / 물고기 (79a0175f…)
   dest: https://kajakorean.com/vocab/detail/how-to-say/79a0175f-5434-4dc8-a9bf-5cc1fde2da5c/fish?utm_source=pinterest&utm_medium=pin&utm_campaign=quiz-word-pin
  ok /Users/minjaekim/Desktop/korean-teacher-mj/.tmp/quiz-word-pins/6708d4b1-3e81-4d78-9700-a3d9189cb4dc/iron-6708d4b1-word-pin.jpg

→ [97/1938] bird / 새 (b6c853fb…)
   dest: https://kajakorean.com/vocab/detail/how-to-say/b6c853fb-4cb6-448d-9af5-fe3e8fece7a2/bird?utm_source=pinterest&utm_medium=pin&utm_campaign=quiz-word-pin
  ok /Users/minjaekim/Desktop/korean-teacher-mj/.tmp/quiz-word-pins/6ae7bb57-5e71-41c0-a28d-af6d7442277b/bear-6ae7bb57-word-pin.jpg

→ [98/1938] underwear / 속옷 (c84e61f5…)
   dest: https://kajakorean.com/vocab/detail/how-to-say/c84e61f5-dc63-4148-941b-da42d24ef423/underwear?utm_source=pinterest&utm_medium=pin&utm_campaign=quiz-word-pin
  ok /Users/minjaekim/Desktop/korean-teacher-mj/.tmp/quiz-word-pins/79a0175f-5434-4dc8-a9bf-5cc1fde2da5c/fish-79a0175f-word-pin.jpg

→ [99/1938] school uniform / 교복 (f68ddf15…)
   dest: https://kajakorean.com/vocab/detail/how-to-say/f68ddf15-ea80-4208-ac4f-be7a0a196aa4/school-uniform?utm_source=pinterest&utm_medium=pin&utm_campaign=quiz-word-pin
  ok /Users/minjaekim/Desktop/korean-teacher-mj/.tmp/quiz-word-pins/95863630-0f76-4502-973e-af9b02a2573c/spaghetti-95863630-word-pin.jpg

→ [100/1938] shorts / 반바지 (8f7371ab…)
   dest: https://kajakorean.com/vocab/detail/how-to-say/8f7371ab-ec70-4afb-aec2-e36d7b315ea0/shorts?utm_source=pinterest&utm_medium=pin&utm_campaign=quiz-word-pin
  ok /Users/minjaekim/Desktop/korean-teacher-mj/.tmp/quiz-word-pins/b6c853fb-4cb6-448d-9af5-fe3e8fece7a2/bird-b6c853fb-word-pin.jpg

→ [101/1938] lunch box / 도시락 (223f5379…)
   dest: https://kajakorean.com/vocab/detail/how-to-say/223f5379-1b6c-427b-9592-13033097d07a/lunch-box?utm_source=pinterest&utm_medium=pin&utm_campaign=quiz-word-pin
  ok /Users/minjaekim/Desktop/korean-teacher-mj/.tmp/quiz-word-pins/f68ddf15-ea80-4208-ac4f-be7a0a196aa4/school-uniform-f68ddf15-word-pin.jpg

→ [102/1938] boat / 보트 (d7a9d2ae…)
   dest: https://kajakorean.com/vocab/detail/how-to-say/d7a9d2ae-429a-4725-8993-d19a1faa3afb/boat?utm_source=pinterest&utm_medium=pin&utm_campaign=quiz-word-pin
  ok /Users/minjaekim/Desktop/korean-teacher-mj/.tmp/quiz-word-pins/223f5379-1b6c-427b-9592-13033097d07a/lunch-box-223f5379-word-pin.jpg

→ [103/1938] wheel / 바퀴 (823cde82…)
   dest: https://kajakorean.com/vocab/detail/how-to-say/823cde82-cfbf-4d2d-84de-88800833edc2/wheel?utm_source=pinterest&utm_medium=pin&utm_campaign=quiz-word-pin
  ok /Users/minjaekim/Desktop/korean-teacher-mj/.tmp/quiz-word-pins/c84e61f5-dc63-4148-941b-da42d24ef423/underwear-c84e61f5-word-pin.jpg

→ [104/1938] tofu / 두부 (724f3b78…)
   dest: https://kajakorean.com/vocab/detail/how-to-say/724f3b78-060c-4084-8cc1-28ba21ccfecf/tofu?utm_source=pinterest&utm_medium=pin&utm_campaign=quiz-word-pin
  ok /Users/minjaekim/Desktop/korean-teacher-mj/.tmp/quiz-word-pins/8f7371ab-ec70-4afb-aec2-e36d7b315ea0/shorts-8f7371ab-word-pin.jpg

→ [105/1938] melon / 멜론 (facd8abe…)
   dest: https://kajakorean.com/vocab/detail/how-to-say/facd8abe-8fbb-4be5-8b6a-b40b742fbee0/melon?utm_source=pinterest&utm_medium=pin&utm_campaign=quiz-word-pin
  ok /Users/minjaekim/Desktop/korean-teacher-mj/.tmp/quiz-word-pins/d7a9d2ae-429a-4725-8993-d19a1faa3afb/boat-d7a9d2ae-word-pin.jpg

→ [106/1938] popcorn / 팝콘 (850eb411…)
   dest: https://kajakorean.com/vocab/detail/how-to-say/850eb411-4efd-45d2-bc11-762966166d32/popcorn?utm_source=pinterest&utm_medium=pin&utm_campaign=quiz-word-pin
  ok /Users/minjaekim/Desktop/korean-teacher-mj/.tmp/quiz-word-pins/823cde82-cfbf-4d2d-84de-88800833edc2/wheel-823cde82-word-pin.jpg

→ [107/1938] puffer jacket / 패딩 (ca79b40a…)
   dest: https://kajakorean.com/vocab/detail/how-to-say/ca79b40a-d22e-414f-945d-3d775d2f3bd9/puffer-jacket?utm_source=pinterest&utm_medium=pin&utm_campaign=quiz-word-pin
  ok /Users/minjaekim/Desktop/korean-teacher-mj/.tmp/quiz-word-pins/724f3b78-060c-4084-8cc1-28ba21ccfecf/tofu-724f3b78-word-pin.jpg

→ [108/1938] to run / 달리다 (ef732dd0…)
   dest: https://kajakorean.com/vocab/detail/how-to-say/ef732dd0-663f-4217-acb8-517c51b4cd25/to-run?utm_source=pinterest&utm_medium=pin&utm_campaign=quiz-word-pin
  ok /Users/minjaekim/Desktop/korean-teacher-mj/.tmp/quiz-word-pins/facd8abe-8fbb-4be5-8b6a-b40b742fbee0/melon-facd8abe-word-pin.jpg

→ [109/1938] to take a shower / 샤워하다 (e8e217a7…)
   dest: https://kajakorean.com/vocab/detail/how-to-say/e8e217a7-e979-454a-a295-e593696fbf29/to-take-a-shower?utm_source=pinterest&utm_medium=pin&utm_campaign=quiz-word-pin
  ok /Users/minjaekim/Desktop/korean-teacher-mj/.tmp/quiz-word-pins/ef732dd0-663f-4217-acb8-517c51b4cd25/to-run-ef732dd0-word-pin.jpg

→ [110/1938] to throw / 던지다 (119eeb8b…)
   dest: https://kajakorean.com/vocab/detail/how-to-say/119eeb8b-0749-459d-b94b-2ca4a8a0c4f3/to-throw?utm_source=pinterest&utm_medium=pin&utm_campaign=quiz-word-pin
  ok /Users/minjaekim/Desktop/korean-teacher-mj/.tmp/quiz-word-pins/e8e217a7-e979-454a-a295-e593696fbf29/to-take-a-shower-e8e217a7-word-pin.jpg

→ [111/1938] snowman / 눈사람 (c91e8792…)
   dest: https://kajakorean.com/vocab/detail/how-to-say/c91e8792-cee9-4d13-b9a8-8a131969adfd/snowman?utm_source=pinterest&utm_medium=pin&utm_campaign=quiz-word-pin
  ok /Users/minjaekim/Desktop/korean-teacher-mj/.tmp/quiz-word-pins/ca79b40a-d22e-414f-945d-3d775d2f3bd9/puffer-jacket-ca79b40a-word-pin.jpg

→ [112/1938] moon / 달 (a254c81b…)
   dest: https://kajakorean.com/vocab/detail/how-to-say/a254c81b-18b2-49cd-8918-3fb3babce534/moon?utm_source=pinterest&utm_medium=pin&utm_campaign=quiz-word-pin
  ok /Users/minjaekim/Desktop/korean-teacher-mj/.tmp/quiz-word-pins/119eeb8b-0749-459d-b94b-2ca4a8a0c4f3/to-throw-119eeb8b-word-pin.jpg

→ [113/1938] star / 별 (52a718fe…)
   dest: https://kajakorean.com/vocab/detail/how-to-say/52a718fe-8af5-43a2-a207-5665c70fc183/star?utm_source=pinterest&utm_medium=pin&utm_campaign=quiz-word-pin
  ok /Users/minjaekim/Desktop/korean-teacher-mj/.tmp/quiz-word-pins/c91e8792-cee9-4d13-b9a8-8a131969adfd/snowman-c91e8792-word-pin.jpg

→ [114/1938] rainbow / 무지개 (435cf11f…)
   dest: https://kajakorean.com/vocab/detail/how-to-say/435cf11f-ae77-4ede-8ef6-6ff13e315e83/rainbow?utm_source=pinterest&utm_medium=pin&utm_campaign=quiz-word-pin
  ok /Users/minjaekim/Desktop/korean-teacher-mj/.tmp/quiz-word-pins/850eb411-4efd-45d2-bc11-762966166d32/popcorn-850eb411-word-pin.jpg

→ [115/1938] sun / 해 (18667884…)
   dest: https://kajakorean.com/vocab/detail/how-to-say/18667884-49fa-458b-8b5f-f091b3db17e5/sun?utm_source=pinterest&utm_medium=pin&utm_campaign=quiz-word-pin
  ok /Users/minjaekim/Desktop/korean-teacher-mj/.tmp/quiz-word-pins/52a718fe-8af5-43a2-a207-5665c70fc183/star-52a718fe-word-pin.jpg

→ [116/1938] fork / 포크 (8b23336d…)
   dest: https://kajakorean.com/vocab/detail/how-to-say/8b23336d-bb87-423a-9a76-c1d2c0f0184e/fork?utm_source=pinterest&utm_medium=pin&utm_campaign=quiz-word-pin
  ok /Users/minjaekim/Desktop/korean-teacher-mj/.tmp/quiz-word-pins/a254c81b-18b2-49cd-8918-3fb3babce534/moon-a254c81b-word-pin.jpg

→ [117/1938] remote control / 리모컨 (e81ac681…)
   dest: https://kajakorean.com/vocab/detail/how-to-say/e81ac681-6406-4383-85c8-f49e254ad167/remote-control?utm_source=pinterest&utm_medium=pin&utm_campaign=quiz-word-pin
  ok /Users/minjaekim/Desktop/korean-teacher-mj/.tmp/quiz-word-pins/435cf11f-ae77-4ede-8ef6-6ff13e315e83/rainbow-435cf11f-word-pin.jpg

→ [118/1938] hanger / 옷걸이 (d8e8c29f…)
   dest: https://kajakorean.com/vocab/detail/how-to-say/d8e8c29f-29ef-4fa1-9154-cb451a0c6de6/hanger?utm_source=pinterest&utm_medium=pin&utm_campaign=quiz-word-pin
  ok /Users/minjaekim/Desktop/korean-teacher-mj/.tmp/quiz-word-pins/18667884-49fa-458b-8b5f-f091b3db17e5/sun-18667884-word-pin.jpg

→ [119/1938] elephant / 코끼리 (b8fc4602…)
   dest: https://kajakorean.com/vocab/detail/how-to-say/b8fc4602-036b-4fdf-b868-9c0023cc1ca1/elephant?utm_source=pinterest&utm_medium=pin&utm_campaign=quiz-word-pin
  ok /Users/minjaekim/Desktop/korean-teacher-mj/.tmp/quiz-word-pins/8b23336d-bb87-423a-9a76-c1d2c0f0184e/fork-8b23336d-word-pin.jpg

→ [120/1938] tiger / 호랑이 (7df2f0bb…)
   dest: https://kajakorean.com/vocab/detail/how-to-say/7df2f0bb-1bd8-4fc7-b38a-4a2be620f9a3/tiger?utm_source=pinterest&utm_medium=pin&utm_campaign=quiz-word-pin
  ok /Users/minjaekim/Desktop/korean-teacher-mj/.tmp/quiz-word-pins/d8e8c29f-29ef-4fa1-9154-cb451a0c6de6/hanger-d8e8c29f-word-pin.jpg

→ [121/1938] lion / 사자 (2accb481…)
   dest: https://kajakorean.com/vocab/detail/how-to-say/2accb481-fb59-429c-b23c-48bc7455f320/lion?utm_source=pinterest&utm_medium=pin&utm_campaign=quiz-word-pin
  ok /Users/minjaekim/Desktop/korean-teacher-mj/.tmp/quiz-word-pins/b8fc4602-036b-4fdf-b868-9c0023cc1ca1/elephant-b8fc4602-word-pin.jpg

→ [122/1938] boots / 부츠 (70c08779…)
   dest: https://kajakorean.com/vocab/detail/how-to-say/70c08779-6dd7-4fa9-a2e4-e6a53458b6f4/boots?utm_source=pinterest&utm_medium=pin&utm_campaign=quiz-word-pin
  ok /Users/minjaekim/Desktop/korean-teacher-mj/.tmp/quiz-word-pins/e81ac681-6406-4383-85c8-f49e254ad167/remote-control-e81ac681-word-pin.jpg

→ [123/1938] belt / 벨트 (68d7ce5b…)
   dest: https://kajakorean.com/vocab/detail/how-to-say/68d7ce5b-f183-4814-89fc-ca3b006d25d9/belt?utm_source=pinterest&utm_medium=pin&utm_campaign=quiz-word-pin
  ok /Users/minjaekim/Desktop/korean-teacher-mj/.tmp/quiz-word-pins/7df2f0bb-1bd8-4fc7-b38a-4a2be620f9a3/tiger-7df2f0bb-word-pin.jpg

→ [124/1938] colored pencil / 색연필 (590c9c52…)
   dest: https://kajakorean.com/vocab/detail/how-to-say/590c9c52-139e-4b71-984d-808f942c3b07/colored-pencil?utm_source=pinterest&utm_medium=pin&utm_campaign=quiz-word-pin
  ok /Users/minjaekim/Desktop/korean-teacher-mj/.tmp/quiz-word-pins/2accb481-fb59-429c-b23c-48bc7455f320/lion-2accb481-word-pin.jpg

→ [125/1938] door / 문 (65bc7392…)
   dest: https://kajakorean.com/vocab/detail/how-to-say/65bc7392-2e47-49df-8adf-25d8468c043a/door?utm_source=pinterest&utm_medium=pin&utm_campaign=quiz-word-pin
  ok /Users/minjaekim/Desktop/korean-teacher-mj/.tmp/quiz-word-pins/590c9c52-139e-4b71-984d-808f942c3b07/colored-pencil-590c9c52-word-pin.jpg

→ [126/1938] fire truck / 소방차 (cb4f1fc1…)
   dest: https://kajakorean.com/vocab/detail/how-to-say/cb4f1fc1-670a-46aa-bedb-048c5d8687f5/fire-truck?utm_source=pinterest&utm_medium=pin&utm_campaign=quiz-word-pin
  ok /Users/minjaekim/Desktop/korean-teacher-mj/.tmp/quiz-word-pins/68d7ce5b-f183-4814-89fc-ca3b006d25d9/belt-68d7ce5b-word-pin.jpg

→ [127/1938] road / 길 (bb3302f1…)
   dest: https://kajakorean.com/vocab/detail/how-to-say/bb3302f1-edf3-4985-90ad-d19985b0a417/road?utm_source=pinterest&utm_medium=pin&utm_campaign=quiz-word-pin
  ok /Users/minjaekim/Desktop/korean-teacher-mj/.tmp/quiz-word-pins/70c08779-6dd7-4fa9-a2e4-e6a53458b6f4/boots-70c08779-word-pin.jpg

→ [128/1938] garlic / 마늘 (f3e25725…)
   dest: https://kajakorean.com/vocab/detail/how-to-say/f3e25725-448d-4439-b257-2626981b1b90/garlic?utm_source=pinterest&utm_medium=pin&utm_campaign=quiz-word-pin
  ok /Users/minjaekim/Desktop/korean-teacher-mj/.tmp/quiz-word-pins/65bc7392-2e47-49df-8adf-25d8468c043a/door-65bc7392-word-pin.jpg

→ [129/1938] soda / 사이다 (a1a0167c…)
   dest: https://kajakorean.com/vocab/detail/how-to-say/a1a0167c-e46f-4c8b-b077-0effd0bb0e0a/soda?utm_source=pinterest&utm_medium=pin&utm_campaign=quiz-word-pin
  ok /Users/minjaekim/Desktop/korean-teacher-mj/.tmp/quiz-word-pins/f3e25725-448d-4439-b257-2626981b1b90/garlic-f3e25725-word-pin.jpg

→ [130/1938] kiwi / 키위 (cea77fd5…)
   dest: https://kajakorean.com/vocab/detail/how-to-say/cea77fd5-e6c0-4a2f-a1cf-cf9a447b0c00/kiwi?utm_source=pinterest&utm_medium=pin&utm_campaign=quiz-word-pin
  ok /Users/minjaekim/Desktop/korean-teacher-mj/.tmp/quiz-word-pins/a1a0167c-e46f-4c8b-b077-0effd0bb0e0a/soda-a1a0167c-word-pin.jpg

→ [131/1938] book / 책 (e5575461…)
   dest: https://kajakorean.com/vocab/detail/how-to-say/e5575461-a0d3-4223-a63d-b8b73fb07417/book?utm_source=pinterest&utm_medium=pin&utm_campaign=quiz-word-pin
  ok /Users/minjaekim/Desktop/korean-teacher-mj/.tmp/quiz-word-pins/cb4f1fc1-670a-46aa-bedb-048c5d8687f5/fire-truck-cb4f1fc1-word-pin.jpg

→ [132/1938] horse / 말,,,,,이말을 타고 나아가볼까나 (1681eff6…)
   dest: https://kajakorean.com/vocab/detail/how-to-say/1681eff6-63f4-418f-a620-cbe6da688791/horse?utm_source=pinterest&utm_medium=pin&utm_campaign=quiz-word-pin
  ok /Users/minjaekim/Desktop/korean-teacher-mj/.tmp/quiz-word-pins/bb3302f1-edf3-4985-90ad-d19985b0a417/road-bb3302f1-word-pin.jpg

→ [133/1938] pajamas / 잠옷 (ec280c7b…)
   dest: https://kajakorean.com/vocab/detail/how-to-say/ec280c7b-f663-4b5b-a7e2-cf1f7931ffd5/pajamas?utm_source=pinterest&utm_medium=pin&utm_campaign=quiz-word-pin
  ok /Users/minjaekim/Desktop/korean-teacher-mj/.tmp/quiz-word-pins/cea77fd5-e6c0-4a2f-a1cf-cf9a447b0c00/kiwi-cea77fd5-word-pin.jpg

→ [134/1938] window / 창문 (04b37feb…)
   dest: https://kajakorean.com/vocab/detail/how-to-say/04b37feb-64aa-4b7c-9374-ee41f565e3a1/window?utm_source=pinterest&utm_medium=pin&utm_campaign=quiz-word-pin
